-- Logs begin at Sat 2022-06-25 11:51:18 CST, end at Tue 2022-07-05 00:41:43 CST. --
Jul 04 22:41:03 pop-os kernel: microcode: microcode updated early to revision 0xf0, date = 2021-11-16
Jul 04 22:41:03 pop-os kernel: Linux version 5.17.5-76051705-generic (buildd@lcy02-amd64-021) (gcc (Ubuntu 9.4.0-1ubuntu1~20.04.1) 9.4.0, GNU ld (GNU Binutils for Ubuntu) 2.34) #202204271406~1653440576~20.04~6277a18-Ubuntu SMP PREEMPT Thu Ma
Jul 04 22:41:03 pop-os kernel: Command line: initrd=\EFI\Pop_OS-504ea8b3-3ce1-4aad-9ee4-d05018e3eeed\initrd.img root=UUID=504ea8b3-3ce1-4aad-9ee4-d05018e3eeed ro quiet loglevel=0 systemd.show_status=false splash
Jul 04 22:41:03 pop-os kernel: KERNEL supported cpus:
Jul 04 22:41:03 pop-os kernel:   Intel GenuineIntel
Jul 04 22:41:03 pop-os kernel:   AMD AuthenticAMD
Jul 04 22:41:03 pop-os kernel:   Hygon HygonGenuine
Jul 04 22:41:03 pop-os kernel:   Centaur CentaurHauls
Jul 04 22:41:03 pop-os kernel:   zhaoxin   Shanghai  
Jul 04 22:41:03 pop-os kernel: x86/fpu: Supporting XSAVE feature 0x001: 'x87 floating point registers'
Jul 04 22:41:03 pop-os kernel: x86/fpu: Supporting XSAVE feature 0x002: 'SSE registers'
Jul 04 22:41:03 pop-os kernel: x86/fpu: Supporting XSAVE feature 0x004: 'AVX registers'
Jul 04 22:41:03 pop-os kernel: x86/fpu: Supporting XSAVE feature 0x008: 'MPX bounds registers'
Jul 04 22:41:03 pop-os kernel: x86/fpu: Supporting XSAVE feature 0x010: 'MPX CSR'
Jul 04 22:41:03 pop-os kernel: x86/fpu: Supporting XSAVE feature 0x200: 'Protection Keys User registers'
Jul 04 22:41:03 pop-os kernel: x86/fpu: xstate_offset[2]:  576, xstate_sizes[2]:  256
Jul 04 22:41:03 pop-os kernel: x86/fpu: xstate_offset[3]:  832, xstate_sizes[3]:   64
Jul 04 22:41:03 pop-os kernel: x86/fpu: xstate_offset[4]:  896, xstate_sizes[4]:   64
Jul 04 22:41:03 pop-os kernel: x86/fpu: xstate_offset[9]:  960, xstate_sizes[9]:    8
Jul 04 22:41:03 pop-os kernel: x86/fpu: Enabled xstate features 0x21f, context size is 968 bytes, using 'compacted' format.
Jul 04 22:41:03 pop-os kernel: signal: max sigframe size: 3632
Jul 04 22:41:03 pop-os kernel: BIOS-provided physical RAM map:
Jul 04 22:41:03 pop-os kernel: BIOS-e820: [mem 0x0000000000000000-0x0000000000000fff] reserved
Jul 04 22:41:03 pop-os kernel: BIOS-e820: [mem 0x0000000000001000-0x000000000009ffff] usable
Jul 04 22:41:03 pop-os kernel: BIOS-e820: [mem 0x00000000000a0000-0x00000000000fffff] reserved
Jul 04 22:41:03 pop-os kernel: BIOS-e820: [mem 0x0000000000100000-0x0000000098ce0fff] usable
Jul 04 22:41:03 pop-os kernel: BIOS-e820: [mem 0x0000000098ce1000-0x0000000098ce8fff] ACPI NVS
Jul 04 22:41:03 pop-os kernel: BIOS-e820: [mem 0x0000000098ce9000-0x00000000994adfff] usable
Jul 04 22:41:03 pop-os kernel: BIOS-e820: [mem 0x00000000994ae000-0x00000000995f1fff] reserved
Jul 04 22:41:03 pop-os kernel: BIOS-e820: [mem 0x00000000995f2000-0x00000000995fcfff] usable
Jul 04 22:41:03 pop-os kernel: BIOS-e820: [mem 0x00000000995fd000-0x00000000995fdfff] ACPI data
Jul 04 22:41:03 pop-os kernel: BIOS-e820: [mem 0x00000000995fe000-0x0000000099a3ffff] usable
Jul 04 22:41:03 pop-os kernel: BIOS-e820: [mem 0x0000000099a40000-0x000000009f7fffff] reserved
Jul 04 22:41:03 pop-os kernel: BIOS-e820: [mem 0x00000000e0000000-0x00000000efffffff] reserved
Jul 04 22:41:03 pop-os kernel: BIOS-e820: [mem 0x00000000fc000000-0x00000000fc000fff] reserved
Jul 04 22:41:03 pop-os kernel: BIOS-e820: [mem 0x00000000fe000000-0x00000000fe00ffff] reserved
Jul 04 22:41:03 pop-os kernel: BIOS-e820: [mem 0x00000000fed10000-0x00000000fed17fff] reserved
Jul 04 22:41:03 pop-os kernel: BIOS-e820: [mem 0x00000000fed40000-0x00000000fed44fff] reserved
Jul 04 22:41:03 pop-os kernel: BIOS-e820: [mem 0x00000000fed80000-0x00000000fed83fff] reserved
Jul 04 22:41:03 pop-os kernel: BIOS-e820: [mem 0x00000000fed90000-0x00000000fed91fff] reserved
Jul 04 22:41:03 pop-os kernel: BIOS-e820: [mem 0x00000000feda0000-0x00000000feda1fff] reserved
Jul 04 22:41:03 pop-os kernel: BIOS-e820: [mem 0x0000000100000000-0x000000045e7fffff] usable
Jul 04 22:41:03 pop-os kernel: NX (Execute Disable) protection: active
Jul 04 22:41:03 pop-os kernel: e820: update [mem 0x97d55018-0x97d7b857] usable ==> usable
Jul 04 22:41:03 pop-os kernel: e820: update [mem 0x97d55018-0x97d7b857] usable ==> usable
Jul 04 22:41:03 pop-os kernel: extended physical RAM map:
Jul 04 22:41:03 pop-os kernel: reserve setup_data: [mem 0x0000000000000000-0x0000000000000fff] reserved
Jul 04 22:41:03 pop-os kernel: reserve setup_data: [mem 0x0000000000001000-0x000000000009ffff] usable
Jul 04 22:41:03 pop-os kernel: reserve setup_data: [mem 0x00000000000a0000-0x00000000000fffff] reserved
Jul 04 22:41:03 pop-os kernel: reserve setup_data: [mem 0x0000000000100000-0x0000000097d55017] usable
Jul 04 22:41:03 pop-os kernel: reserve setup_data: [mem 0x0000000097d55018-0x0000000097d7b857] usable
Jul 04 22:41:03 pop-os kernel: reserve setup_data: [mem 0x0000000097d7b858-0x0000000098ce0fff] usable
Jul 04 22:41:03 pop-os kernel: reserve setup_data: [mem 0x0000000098ce1000-0x0000000098ce8fff] ACPI NVS
Jul 04 22:41:03 pop-os kernel: reserve setup_data: [mem 0x0000000098ce9000-0x00000000994adfff] usable
Jul 04 22:41:03 pop-os kernel: reserve setup_data: [mem 0x00000000994ae000-0x00000000995f1fff] reserved
Jul 04 22:41:03 pop-os kernel: reserve setup_data: [mem 0x00000000995f2000-0x00000000995fcfff] usable
Jul 04 22:41:03 pop-os kernel: reserve setup_data: [mem 0x00000000995fd000-0x00000000995fdfff] ACPI data
Jul 04 22:41:03 pop-os kernel: reserve setup_data: [mem 0x00000000995fe000-0x0000000099a3ffff] usable
Jul 04 22:41:03 pop-os kernel: reserve setup_data: [mem 0x0000000099a40000-0x000000009f7fffff] reserved
Jul 04 22:41:03 pop-os kernel: reserve setup_data: [mem 0x00000000e0000000-0x00000000efffffff] reserved
Jul 04 22:41:03 pop-os kernel: reserve setup_data: [mem 0x00000000fc000000-0x00000000fc000fff] reserved
Jul 04 22:41:03 pop-os kernel: reserve setup_data: [mem 0x00000000fe000000-0x00000000fe00ffff] reserved
Jul 04 22:41:03 pop-os kernel: reserve setup_data: [mem 0x00000000fed10000-0x00000000fed17fff] reserved
Jul 04 22:41:03 pop-os kernel: reserve setup_data: [mem 0x00000000fed40000-0x00000000fed44fff] reserved
Jul 04 22:41:03 pop-os kernel: reserve setup_data: [mem 0x00000000fed80000-0x00000000fed83fff] reserved
Jul 04 22:41:03 pop-os kernel: reserve setup_data: [mem 0x00000000fed90000-0x00000000fed91fff] reserved
Jul 04 22:41:03 pop-os kernel: reserve setup_data: [mem 0x00000000feda0000-0x00000000feda1fff] reserved
Jul 04 22:41:03 pop-os kernel: reserve setup_data: [mem 0x0000000100000000-0x000000045e7fffff] usable
Jul 04 22:41:03 pop-os kernel: efi: EFI v2.70 by EDK II
Jul 04 22:41:03 pop-os kernel: efi: ACPI 2.0=0x99a51000 SMBIOS=0x99a40000 TPMFinalLog=0x98ce1000 TPMEventLog=0x97e81018 
Jul 04 22:41:03 pop-os kernel: SMBIOS 3.0 present.
Jul 04 22:41:03 pop-os kernel: DMI: System76 Oryx Pro/Oryx Pro, BIOS 2021-07-20_93c2809 07/20/2021
Jul 04 22:41:03 pop-os kernel: tsc: Detected 2200.000 MHz processor
Jul 04 22:41:03 pop-os kernel: tsc: Detected 2199.996 MHz TSC
Jul 04 22:41:03 pop-os kernel: e820: update [mem 0x00000000-0x00000fff] usable ==> reserved
Jul 04 22:41:03 pop-os kernel: e820: remove [mem 0x000a0000-0x000fffff] usable
Jul 04 22:41:03 pop-os kernel: last_pfn = 0x45e800 max_arch_pfn = 0x400000000
Jul 04 22:41:03 pop-os kernel: x86/PAT: Configuration [0-7]: WB  WC  UC- UC  WB  WP  UC- WT  
Jul 04 22:41:03 pop-os kernel: last_pfn = 0x99a40 max_arch_pfn = 0x400000000
Jul 04 22:41:03 pop-os kernel: Using GB pages for direct mapping
Jul 04 22:41:03 pop-os kernel: Secure boot disabled
Jul 04 22:41:03 pop-os kernel: RAMDISK: [mem 0x77c55000-0x7fffffff]
Jul 04 22:41:03 pop-os kernel: ACPI: Early table checksum verification disabled
Jul 04 22:41:03 pop-os kernel: ACPI: RSDP 0x0000000099A51000 000024 (v02 COREv4)
Jul 04 22:41:03 pop-os kernel: ACPI: XSDT 0x00000000995FDF18 00006C (v01 COREv4 COREBOOT 00000000 CORE 20200925)
Jul 04 22:41:03 pop-os kernel: ACPI: FACP 0x0000000099A550A0 000114 (v06 COREv4 COREBOOT 00000000 CORE 20200925)
Jul 04 22:41:03 pop-os kernel: ACPI: DSDT 0x0000000099A51280 003E17 (v02 COREv4 COREBOOT 20110725 INTL 20200925)
Jul 04 22:41:03 pop-os kernel: ACPI: FACS 0x0000000099A51240 000040
Jul 04 22:41:03 pop-os kernel: ACPI: FACS 0x0000000099A51240 000040
Jul 04 22:41:03 pop-os kernel: ACPI: SSDT 0x0000000099A551C0 00282B (v02 COREv4 COREBOOT 0000002A CORE 20200925)
Jul 04 22:41:03 pop-os kernel: ACPI: MCFG 0x0000000099A579F0 00003C (v01 COREv4 COREBOOT 00000000 CORE 20200925)
Jul 04 22:41:03 pop-os kernel: ACPI: TPM2 0x0000000099A57A30 00004C (v04 COREv4 COREBOOT 00000000 CORE 20200925)
Jul 04 22:41:03 pop-os kernel: ACPI: LPIT 0x0000000099A57A80 000094 (v00 COREv4 COREBOOT 0000002A CORE 20200925)
Jul 04 22:41:03 pop-os kernel: ACPI: APIC 0x0000000099A57B20 0000D2 (v03 COREv4 COREBOOT 00000000 CORE 20200925)
Jul 04 22:41:03 pop-os kernel: ACPI: DMAR 0x0000000099A57C00 000088 (v01 COREv4 COREBOOT 00000000 CORE 20200925)
Jul 04 22:41:03 pop-os kernel: ACPI: HPET 0x0000000099A57C90 000038 (v01 COREv4 COREBOOT 00000000 CORE 20200925)
Jul 04 22:41:03 pop-os kernel: ACPI: BGRT 0x00000000995FD018 000038 (v00 INTEL      EDK2 00001720 PTL  00000002)
Jul 04 22:41:03 pop-os kernel: ACPI: Reserving FACP table memory at [mem 0x99a550a0-0x99a551b3]
Jul 04 22:41:03 pop-os kernel: ACPI: Reserving DSDT table memory at [mem 0x99a51280-0x99a55096]
Jul 04 22:41:03 pop-os kernel: ACPI: Reserving FACS table memory at [mem 0x99a51240-0x99a5127f]
Jul 04 22:41:03 pop-os kernel: ACPI: Reserving FACS table memory at [mem 0x99a51240-0x99a5127f]
Jul 04 22:41:03 pop-os kernel: ACPI: Reserving SSDT table memory at [mem 0x99a551c0-0x99a579ea]
Jul 04 22:41:03 pop-os kernel: ACPI: Reserving MCFG table memory at [mem 0x99a579f0-0x99a57a2b]
Jul 04 22:41:03 pop-os kernel: ACPI: Reserving TPM2 table memory at [mem 0x99a57a30-0x99a57a7b]
Jul 04 22:41:03 pop-os kernel: ACPI: Reserving LPIT table memory at [mem 0x99a57a80-0x99a57b13]
Jul 04 22:41:03 pop-os kernel: ACPI: Reserving APIC table memory at [mem 0x99a57b20-0x99a57bf1]
Jul 04 22:41:03 pop-os kernel: ACPI: Reserving DMAR table memory at [mem 0x99a57c00-0x99a57c87]
Jul 04 22:41:03 pop-os kernel: ACPI: Reserving HPET table memory at [mem 0x99a57c90-0x99a57cc7]
Jul 04 22:41:03 pop-os kernel: ACPI: Reserving BGRT table memory at [mem 0x995fd018-0x995fd04f]
Jul 04 22:41:03 pop-os kernel: No NUMA configuration found
Jul 04 22:41:03 pop-os kernel: Faking a node at [mem 0x0000000000000000-0x000000045e7fffff]
Jul 04 22:41:03 pop-os kernel: NODE_DATA(0) allocated [mem 0x45e7d5000-0x45e7fffff]
Jul 04 22:41:03 pop-os kernel: Zone ranges:
Jul 04 22:41:03 pop-os kernel:   DMA      [mem 0x0000000000001000-0x0000000000ffffff]
Jul 04 22:41:03 pop-os kernel:   DMA32    [mem 0x0000000001000000-0x00000000ffffffff]
Jul 04 22:41:03 pop-os kernel:   Normal   [mem 0x0000000100000000-0x000000045e7fffff]
Jul 04 22:41:03 pop-os kernel:   Device   empty
Jul 04 22:41:03 pop-os kernel: Movable zone start for each node
Jul 04 22:41:03 pop-os kernel: Early memory node ranges
Jul 04 22:41:03 pop-os kernel:   node   0: [mem 0x0000000000001000-0x000000000009ffff]
Jul 04 22:41:03 pop-os kernel:   node   0: [mem 0x0000000000100000-0x0000000098ce0fff]
Jul 04 22:41:03 pop-os kernel:   node   0: [mem 0x0000000098ce9000-0x00000000994adfff]
Jul 04 22:41:03 pop-os kernel:   node   0: [mem 0x00000000995f2000-0x00000000995fcfff]
Jul 04 22:41:03 pop-os kernel:   node   0: [mem 0x00000000995fe000-0x0000000099a3ffff]
Jul 04 22:41:03 pop-os kernel:   node   0: [mem 0x0000000100000000-0x000000045e7fffff]
Jul 04 22:41:03 pop-os kernel: Initmem setup node 0 [mem 0x0000000000001000-0x000000045e7fffff]
Jul 04 22:41:03 pop-os kernel: On node 0, zone DMA: 1 pages in unavailable ranges
Jul 04 22:41:03 pop-os kernel: On node 0, zone DMA: 96 pages in unavailable ranges
Jul 04 22:41:03 pop-os kernel: On node 0, zone DMA32: 8 pages in unavailable ranges
Jul 04 22:41:03 pop-os kernel: On node 0, zone DMA32: 324 pages in unavailable ranges
Jul 04 22:41:03 pop-os kernel: On node 0, zone DMA32: 1 pages in unavailable ranges
Jul 04 22:41:03 pop-os kernel: On node 0, zone Normal: 26048 pages in unavailable ranges
Jul 04 22:41:03 pop-os kernel: On node 0, zone Normal: 6144 pages in unavailable ranges
Jul 04 22:41:03 pop-os kernel: Reserving Intel graphics memory at [mem 0x9b800000-0x9f7fffff]
Jul 04 22:41:03 pop-os kernel: ACPI: PM-Timer IO Port: 0x1808
Jul 04 22:41:03 pop-os kernel: ACPI: LAPIC_NMI (acpi_id[0xff] high edge lint[0x1])
Jul 04 22:41:03 pop-os kernel: IOAPIC[0]: apic_id 2, version 32, address 0xfec00000, GSI 0-119
Jul 04 22:41:03 pop-os kernel: ACPI: INT_SRC_OVR (bus 0 bus_irq 0 global_irq 2 dfl dfl)
Jul 04 22:41:03 pop-os kernel: ACPI: INT_SRC_OVR (bus 0 bus_irq 9 global_irq 9 high level)
Jul 04 22:41:03 pop-os kernel: ACPI: Using ACPI (MADT) for SMP configuration information
Jul 04 22:41:03 pop-os kernel: ACPI: HPET id: 0x8086a701 base: 0xfed00000
Jul 04 22:41:03 pop-os kernel: e820: update [mem 0x97dd9000-0x97e27fff] usable ==> reserved
Jul 04 22:41:03 pop-os kernel: TSC deadline timer available
Jul 04 22:41:03 pop-os kernel: smpboot: Allowing 16 CPUs, 0 hotplug CPUs
Jul 04 22:41:03 pop-os kernel: PM: hibernation: Registered nosave memory: [mem 0x00000000-0x00000fff]
Jul 04 22:41:03 pop-os kernel: PM: hibernation: Registered nosave memory: [mem 0x000a0000-0x000fffff]
Jul 04 22:41:03 pop-os kernel: PM: hibernation: Registered nosave memory: [mem 0x97d55000-0x97d55fff]
Jul 04 22:41:03 pop-os kernel: PM: hibernation: Registered nosave memory: [mem 0x97d7b000-0x97d7bfff]
Jul 04 22:41:03 pop-os kernel: PM: hibernation: Registered nosave memory: [mem 0x97dd9000-0x97e27fff]
Jul 04 22:41:03 pop-os kernel: PM: hibernation: Registered nosave memory: [mem 0x98ce1000-0x98ce8fff]
Jul 04 22:41:03 pop-os kernel: PM: hibernation: Registered nosave memory: [mem 0x994ae000-0x995f1fff]
Jul 04 22:41:03 pop-os kernel: PM: hibernation: Registered nosave memory: [mem 0x995fd000-0x995fdfff]
Jul 04 22:41:03 pop-os kernel: PM: hibernation: Registered nosave memory: [mem 0x99a40000-0x9f7fffff]
Jul 04 22:41:03 pop-os kernel: PM: hibernation: Registered nosave memory: [mem 0x9f800000-0xdfffffff]
Jul 04 22:41:03 pop-os kernel: PM: hibernation: Registered nosave memory: [mem 0xe0000000-0xefffffff]
Jul 04 22:41:03 pop-os kernel: PM: hibernation: Registered nosave memory: [mem 0xf0000000-0xfbffffff]
Jul 04 22:41:03 pop-os kernel: PM: hibernation: Registered nosave memory: [mem 0xfc000000-0xfc000fff]
Jul 04 22:41:03 pop-os kernel: PM: hibernation: Registered nosave memory: [mem 0xfc001000-0xfdffffff]
Jul 04 22:41:03 pop-os kernel: PM: hibernation: Registered nosave memory: [mem 0xfe000000-0xfe00ffff]
Jul 04 22:41:03 pop-os kernel: PM: hibernation: Registered nosave memory: [mem 0xfe010000-0xfed0ffff]
Jul 04 22:41:03 pop-os kernel: PM: hibernation: Registered nosave memory: [mem 0xfed10000-0xfed17fff]
Jul 04 22:41:03 pop-os kernel: PM: hibernation: Registered nosave memory: [mem 0xfed18000-0xfed3ffff]
Jul 04 22:41:03 pop-os kernel: PM: hibernation: Registered nosave memory: [mem 0xfed40000-0xfed44fff]
Jul 04 22:41:03 pop-os kernel: PM: hibernation: Registered nosave memory: [mem 0xfed45000-0xfed7ffff]
Jul 04 22:41:03 pop-os kernel: PM: hibernation: Registered nosave memory: [mem 0xfed80000-0xfed83fff]
Jul 04 22:41:03 pop-os kernel: PM: hibernation: Registered nosave memory: [mem 0xfed84000-0xfed8ffff]
Jul 04 22:41:03 pop-os kernel: PM: hibernation: Registered nosave memory: [mem 0xfed90000-0xfed91fff]
Jul 04 22:41:03 pop-os kernel: PM: hibernation: Registered nosave memory: [mem 0xfed92000-0xfed9ffff]
Jul 04 22:41:03 pop-os kernel: PM: hibernation: Registered nosave memory: [mem 0xfeda0000-0xfeda1fff]
Jul 04 22:41:03 pop-os kernel: PM: hibernation: Registered nosave memory: [mem 0xfeda2000-0xffffffff]
Jul 04 22:41:03 pop-os kernel: [mem 0x9f800000-0xdfffffff] available for PCI devices
Jul 04 22:41:03 pop-os kernel: Booting paravirtualized kernel on bare hardware
Jul 04 22:41:03 pop-os kernel: clocksource: refined-jiffies: mask: 0xffffffff max_cycles: 0xffffffff, max_idle_ns: 7645519600211568 ns
Jul 04 22:41:03 pop-os kernel: setup_percpu: NR_CPUS:8192 nr_cpumask_bits:16 nr_cpu_ids:16 nr_node_ids:1
Jul 04 22:41:03 pop-os kernel: percpu: Embedded 61 pages/cpu s212992 r8192 d28672 u262144
Jul 04 22:41:03 pop-os kernel: pcpu-alloc: s212992 r8192 d28672 u262144 alloc=1*2097152
Jul 04 22:41:03 pop-os kernel: pcpu-alloc: [0] 00 01 02 03 04 05 06 07 [0] 08 09 10 11 12 13 14 15 
Jul 04 22:41:03 pop-os kernel: Fallback order for Node 0: 0 
Jul 04 22:41:03 pop-os kernel: Built 1 zonelists, mobility grouping on.  Total pages: 4094447
Jul 04 22:41:03 pop-os kernel: Policy zone: Normal
Jul 04 22:41:03 pop-os kernel: Kernel command line: initrd=\EFI\Pop_OS-504ea8b3-3ce1-4aad-9ee4-d05018e3eeed\initrd.img root=UUID=504ea8b3-3ce1-4aad-9ee4-d05018e3eeed ro quiet loglevel=0 systemd.show_status=false splash
Jul 04 22:41:03 pop-os kernel: Unknown kernel command line parameters "splash", will be passed to user space.
Jul 04 22:41:03 pop-os kernel: Dentry cache hash table entries: 2097152 (order: 12, 16777216 bytes, linear)
Jul 04 22:41:03 pop-os kernel: Inode-cache hash table entries: 1048576 (order: 11, 8388608 bytes, linear)
Jul 04 22:41:03 pop-os kernel: mem auto-init: stack:off, heap alloc:on, heap free:off
Jul 04 22:41:03 pop-os kernel: Memory: 16076304K/16646728K available (16392K kernel code, 4470K rwdata, 10868K rodata, 2780K init, 4884K bss, 570164K reserved, 0K cma-reserved)
Jul 04 22:41:03 pop-os kernel: random: get_random_u64 called from __kmem_cache_create+0x2f/0x4a0 with crng_init=0
Jul 04 22:41:03 pop-os kernel: SLUB: HWalign=64, Order=0-3, MinObjects=0, CPUs=16, Nodes=1
Jul 04 22:41:03 pop-os kernel: ftrace: allocating 50668 entries in 198 pages
Jul 04 22:41:03 pop-os kernel: ftrace: allocated 198 pages with 4 groups
Jul 04 22:41:03 pop-os kernel: Dynamic Preempt: voluntary
Jul 04 22:41:03 pop-os kernel: rcu: Preemptible hierarchical RCU implementation.
Jul 04 22:41:03 pop-os kernel: rcu:         RCU restricting CPUs from NR_CPUS=8192 to nr_cpu_ids=16.
Jul 04 22:41:03 pop-os kernel:         Trampoline variant of Tasks RCU enabled.
Jul 04 22:41:03 pop-os kernel:         Rude variant of Tasks RCU enabled.
Jul 04 22:41:03 pop-os kernel:         Tracing variant of Tasks RCU enabled.
Jul 04 22:41:03 pop-os kernel: rcu: RCU calculated value of scheduler-enlistment delay is 25 jiffies.
Jul 04 22:41:03 pop-os kernel: rcu: Adjusting geometry for rcu_fanout_leaf=16, nr_cpu_ids=16
Jul 04 22:41:03 pop-os kernel: NR_IRQS: 524544, nr_irqs: 2184, preallocated irqs: 16
Jul 04 22:41:03 pop-os kernel: random: crng init done (trusting CPU's manufacturer)
Jul 04 22:41:03 pop-os kernel: Console: colour dummy device 80x25
Jul 04 22:41:03 pop-os kernel: printk: console [tty0] enabled
Jul 04 22:41:03 pop-os kernel: ACPI: Core revision 20211217
Jul 04 22:41:03 pop-os kernel: hpet: HPET dysfunctional in PC10. Force disabled.
Jul 04 22:41:03 pop-os kernel: APIC: Switch to symmetric I/O mode setup
Jul 04 22:41:03 pop-os kernel: DMAR: Host address width 39
Jul 04 22:41:03 pop-os kernel: DMAR: DRHD base: 0x000000fed90000 flags: 0x0
Jul 04 22:41:03 pop-os kernel: DMAR: dmar0: reg_base_addr fed90000 ver 1:0 cap 1c0000c40660462 ecap 19e2ff0505e
Jul 04 22:41:03 pop-os kernel: DMAR: DRHD base: 0x000000fed91000 flags: 0x1
Jul 04 22:41:03 pop-os kernel: DMAR: dmar1: reg_base_addr fed91000 ver 1:0 cap d2008c40660462 ecap f050da
Jul 04 22:41:03 pop-os kernel: DMAR: RMRR base: 0x0000009b000000 end: 0x0000009f7fffff
Jul 04 22:41:03 pop-os kernel: DMAR-IR: IOAPIC id 2 under DRHD base  0xfed91000 IOMMU 1
Jul 04 22:41:03 pop-os kernel: DMAR-IR: HPET id 0 under DRHD base 0xfed91000
Jul 04 22:41:03 pop-os kernel: DMAR-IR: Queued invalidation will be enabled to support x2apic and Intr-remapping.
Jul 04 22:41:03 pop-os kernel: DMAR-IR: Enabled IRQ remapping in x2apic mode
Jul 04 22:41:03 pop-os kernel: x2apic enabled
Jul 04 22:41:03 pop-os kernel: Switched APIC routing to cluster x2apic.
Jul 04 22:41:03 pop-os kernel: clocksource: tsc-early: mask: 0xffffffffffffffff max_cycles: 0x1fb62f12e8c, max_idle_ns: 440795238402 ns
Jul 04 22:41:03 pop-os kernel: Calibrating delay loop (skipped), value calculated using timer frequency.. 4399.99 BogoMIPS (lpj=8799984)
Jul 04 22:41:03 pop-os kernel: pid_max: default: 32768 minimum: 301
Jul 04 22:41:03 pop-os kernel: LSM: Security Framework initializing
Jul 04 22:41:03 pop-os kernel: landlock: Up and running.
Jul 04 22:41:03 pop-os kernel: Yama: becoming mindful.
Jul 04 22:41:03 pop-os kernel: AppArmor: AppArmor initialized
Jul 04 22:41:03 pop-os kernel: Mount-cache hash table entries: 32768 (order: 6, 262144 bytes, linear)
Jul 04 22:41:03 pop-os kernel: Mountpoint-cache hash table entries: 32768 (order: 6, 262144 bytes, linear)
Jul 04 22:41:03 pop-os kernel: x86/cpu: SGX disabled by BIOS.
Jul 04 22:41:03 pop-os kernel: CPU0: Thermal monitoring enabled (TM1)
Jul 04 22:41:03 pop-os kernel: process: using mwait in idle threads
Jul 04 22:41:03 pop-os kernel: Last level iTLB entries: 4KB 64, 2MB 8, 4MB 8
Jul 04 22:41:03 pop-os kernel: Last level dTLB entries: 4KB 64, 2MB 0, 4MB 0, 1GB 4
Jul 04 22:41:03 pop-os kernel: Spectre V1 : Mitigation: usercopy/swapgs barriers and __user pointer sanitization
Jul 04 22:41:03 pop-os kernel: Spectre V2 : Mitigation: Enhanced IBRS
Jul 04 22:41:03 pop-os kernel: Spectre V2 : Spectre v2 / SpectreRSB mitigation: Filling RSB on context switch
Jul 04 22:41:03 pop-os kernel: Spectre V2 : mitigation: Enabling conditional Indirect Branch Prediction Barrier
Jul 04 22:41:03 pop-os kernel: Speculative Store Bypass: Mitigation: Speculative Store Bypass disabled via prctl
Jul 04 22:41:03 pop-os kernel: Freeing SMP alternatives memory: 40K
Jul 04 22:41:03 pop-os kernel: smpboot: Estimated ratio of average max frequency by base frequency (times 1024): 2141
Jul 04 22:41:03 pop-os kernel: smpboot: CPU0: Intel(R) Core(TM) i7-10870H CPU @ 2.20GHz (family: 0x6, model: 0xa5, stepping: 0x2)
Jul 04 22:41:03 pop-os kernel: cblist_init_generic: Setting adjustable number of callback queues.
Jul 04 22:41:03 pop-os kernel: cblist_init_generic: Setting shift to 4 and lim to 1.
Jul 04 22:41:03 pop-os kernel: cblist_init_generic: Setting shift to 4 and lim to 1.
Jul 04 22:41:03 pop-os kernel: cblist_init_generic: Setting shift to 4 and lim to 1.
Jul 04 22:41:03 pop-os kernel: Performance Events: PEBS fmt3+, Skylake events, 32-deep LBR, full-width counters, Intel PMU driver.
Jul 04 22:41:03 pop-os kernel: ... version:                4
Jul 04 22:41:03 pop-os kernel: ... bit width:              48
Jul 04 22:41:03 pop-os kernel: ... generic registers:      4
Jul 04 22:41:03 pop-os kernel: ... value mask:             0000ffffffffffff
Jul 04 22:41:03 pop-os kernel: ... max period:             00007fffffffffff
Jul 04 22:41:03 pop-os kernel: ... fixed-purpose events:   3
Jul 04 22:41:03 pop-os kernel: ... event mask:             000000070000000f
Jul 04 22:41:03 pop-os kernel: rcu: Hierarchical SRCU implementation.
Jul 04 22:41:03 pop-os kernel: NMI watchdog: Enabled. Permanently consumes one hw-PMU counter.
Jul 04 22:41:03 pop-os kernel: smp: Bringing up secondary CPUs ...
Jul 04 22:41:03 pop-os kernel: x86: Booting SMP configuration:
Jul 04 22:41:03 pop-os kernel: .... node  #0, CPUs:        #1  #2  #3  #4  #5  #6  #7  #8  #9 #10 #11 #12 #13 #14 #15
Jul 04 22:41:03 pop-os kernel: smp: Brought up 1 node, 16 CPUs
Jul 04 22:41:03 pop-os kernel: smpboot: Max logical packages: 1
Jul 04 22:41:03 pop-os kernel: smpboot: Total of 16 processors activated (70399.87 BogoMIPS)
Jul 04 22:41:03 pop-os kernel: devtmpfs: initialized
Jul 04 22:41:03 pop-os kernel: x86/mm: Memory block size: 128MB
Jul 04 22:41:03 pop-os kernel: ACPI: PM: Registering ACPI NVS region [mem 0x98ce1000-0x98ce8fff] (32768 bytes)
Jul 04 22:41:03 pop-os kernel: clocksource: jiffies: mask: 0xffffffff max_cycles: 0xffffffff, max_idle_ns: 7645041785100000 ns
Jul 04 22:41:03 pop-os kernel: futex hash table entries: 4096 (order: 6, 262144 bytes, linear)
Jul 04 22:41:03 pop-os kernel: pinctrl core: initialized pinctrl subsystem
Jul 04 22:41:03 pop-os kernel: PM: RTC time: 14:40:59, date: 2022-07-04
Jul 04 22:41:03 pop-os kernel: NET: Registered PF_NETLINK/PF_ROUTE protocol family
Jul 04 22:41:03 pop-os kernel: DMA: preallocated 2048 KiB GFP_KERNEL pool for atomic allocations
Jul 04 22:41:03 pop-os kernel: DMA: preallocated 2048 KiB GFP_KERNEL|GFP_DMA pool for atomic allocations
Jul 04 22:41:03 pop-os kernel: DMA: preallocated 2048 KiB GFP_KERNEL|GFP_DMA32 pool for atomic allocations
Jul 04 22:41:03 pop-os kernel: audit: initializing netlink subsys (disabled)
Jul 04 22:41:03 pop-os kernel: audit: type=2000 audit(1656945659.020:1): state=initialized audit_enabled=0 res=1
Jul 04 22:41:03 pop-os kernel: thermal_sys: Registered thermal governor 'fair_share'
Jul 04 22:41:03 pop-os kernel: thermal_sys: Registered thermal governor 'bang_bang'
Jul 04 22:41:03 pop-os kernel: thermal_sys: Registered thermal governor 'step_wise'
Jul 04 22:41:03 pop-os kernel: thermal_sys: Registered thermal governor 'user_space'
Jul 04 22:41:03 pop-os kernel: thermal_sys: Registered thermal governor 'power_allocator'
Jul 04 22:41:03 pop-os kernel: EISA bus registered
Jul 04 22:41:03 pop-os kernel: cpuidle: using governor ladder
Jul 04 22:41:03 pop-os kernel: cpuidle: using governor menu
Jul 04 22:41:03 pop-os kernel: acpiphp: ACPI Hot Plug PCI Controller Driver version: 0.5
Jul 04 22:41:03 pop-os kernel: PCI: MMCONFIG for domain 0000 [bus 00-ff] at [mem 0xe0000000-0xefffffff] (base 0xe0000000)
Jul 04 22:41:03 pop-os kernel: PCI: MMCONFIG at [mem 0xe0000000-0xefffffff] reserved in E820
Jul 04 22:41:03 pop-os kernel: PCI: Using configuration type 1 for base access
Jul 04 22:41:03 pop-os kernel: kprobes: kprobe jump-optimization is enabled. All kprobes are optimized if possible.
Jul 04 22:41:03 pop-os kernel: HugeTLB registered 1.00 GiB page size, pre-allocated 0 pages
Jul 04 22:41:03 pop-os kernel: HugeTLB registered 2.00 MiB page size, pre-allocated 0 pages
Jul 04 22:41:03 pop-os kernel: ACPI: Added _OSI(Module Device)
Jul 04 22:41:03 pop-os kernel: ACPI: Added _OSI(Processor Device)
Jul 04 22:41:03 pop-os kernel: ACPI: Added _OSI(3.0 _SCP Extensions)
Jul 04 22:41:03 pop-os kernel: ACPI: Added _OSI(Processor Aggregator Device)
Jul 04 22:41:03 pop-os kernel: ACPI: Added _OSI(Linux-Dell-Video)
Jul 04 22:41:03 pop-os kernel: ACPI: Added _OSI(Linux-Lenovo-NV-HDMI-Audio)
Jul 04 22:41:03 pop-os kernel: ACPI: Added _OSI(Linux-HPI-Hybrid-Graphics)
Jul 04 22:41:03 pop-os kernel: ACPI: 2 ACPI AML tables successfully acquired and loaded
Jul 04 22:41:03 pop-os kernel: ACPI: EC: EC started
Jul 04 22:41:03 pop-os kernel: ACPI: EC: interrupt blocked
Jul 04 22:41:03 pop-os kernel: ACPI: EC: EC_CMD/EC_SC=0x66, EC_DATA=0x62
Jul 04 22:41:03 pop-os kernel: ACPI: \_SB_.PCI0.LPCB.EC0_: Boot DSDT EC used to handle transactions
Jul 04 22:41:03 pop-os kernel: ACPI: Interpreter enabled
Jul 04 22:41:03 pop-os kernel: ACPI: PM: (supports S0 S3 S4 S5)
Jul 04 22:41:03 pop-os kernel: ACPI: Using IOAPIC for interrupt routing
Jul 04 22:41:03 pop-os kernel: PCI: Using host bridge windows from ACPI; if necessary, use "pci=nocrs" and report a bug
Jul 04 22:41:03 pop-os kernel: ACPI: Enabled 1 GPEs in block 00 to 7F
Jul 04 22:41:03 pop-os kernel: ACPI: PM: Power Resource [PWRR]
Jul 04 22:41:03 pop-os kernel: ACPI: PCI Root Bridge [PCI0] (domain 0000 [bus 00-ff])
Jul 04 22:41:03 pop-os kernel: acpi PNP0A08:00: _OSC: OS supports [ExtendedConfig ASPM ClockPM Segments MSI HPX-Type3]
Jul 04 22:41:03 pop-os kernel: acpi PNP0A08:00: _OSC: OS now controls [PCIeHotplug SHPCHotplug PME AER PCIeCapability LTR]
Jul 04 22:41:03 pop-os kernel: PCI host bridge to bus 0000:00
Jul 04 22:41:03 pop-os kernel: pci_bus 0000:00: root bus resource [io  0x0000-0x0cf7 window]
Jul 04 22:41:03 pop-os kernel: pci_bus 0000:00: root bus resource [io  0x0d00-0xffff window]
Jul 04 22:41:03 pop-os kernel: pci_bus 0000:00: root bus resource [mem 0x000a0000-0x000fffff window]
Jul 04 22:41:03 pop-os kernel: pci_bus 0000:00: root bus resource [mem 0x9f800000-0xdfffffff window]
Jul 04 22:41:03 pop-os kernel: pci_bus 0000:00: root bus resource [mem 0x45e800000-0x7fffffffff window]
Jul 04 22:41:03 pop-os kernel: pci_bus 0000:00: root bus resource [mem 0xfc800000-0xfe7fffff window]
Jul 04 22:41:03 pop-os kernel: pci_bus 0000:00: root bus resource [mem 0xfed40000-0xfed47fff window]
Jul 04 22:41:03 pop-os kernel: pci_bus 0000:00: root bus resource [bus 00-ff]
Jul 04 22:41:03 pop-os kernel: pci 0000:00:00.0: [8086:9b44] type 00 class 0x060000
Jul 04 22:41:03 pop-os kernel: pci 0000:00:01.0: [8086:1901] type 01 class 0x060400
Jul 04 22:41:03 pop-os kernel: pci 0000:00:01.0: PME# supported from D0 D3hot D3cold
Jul 04 22:41:03 pop-os kernel: pci 0000:00:02.0: [8086:9bc4] type 00 class 0x030000
Jul 04 22:41:03 pop-os kernel: pci 0000:00:02.0: reg 0x10: [mem 0xb2000000-0xb2ffffff 64bit]
Jul 04 22:41:03 pop-os kernel: pci 0000:00:02.0: reg 0x18: [mem 0xa0000000-0xafffffff 64bit pref]
Jul 04 22:41:03 pop-os kernel: pci 0000:00:02.0: reg 0x20: [io  0x1000-0x103f]
Jul 04 22:41:03 pop-os kernel: pci 0000:00:02.0: Video device with shadowed ROM at [mem 0x000c0000-0x000dffff]
Jul 04 22:41:03 pop-os kernel: pci 0000:00:04.0: [8086:1903] type 00 class 0x118000
Jul 04 22:41:03 pop-os kernel: pci 0000:00:04.0: reg 0x10: [mem 0x9fc10000-0x9fc17fff 64bit]
Jul 04 22:41:03 pop-os kernel: pci 0000:00:08.0: [8086:1911] type 00 class 0x088000
Jul 04 22:41:03 pop-os kernel: pci 0000:00:08.0: reg 0x10: [mem 0x9fc24000-0x9fc24fff 64bit]
Jul 04 22:41:03 pop-os kernel: pci 0000:00:12.0: [8086:06f9] type 00 class 0x118000
Jul 04 22:41:03 pop-os kernel: pci 0000:00:12.0: reg 0x10: [mem 0x9fc25000-0x9fc25fff 64bit]
Jul 04 22:41:03 pop-os kernel: pci 0000:00:14.0: [8086:06ed] type 00 class 0x0c0330
Jul 04 22:41:03 pop-os kernel: pci 0000:00:14.0: reg 0x10: [mem 0x9fc00000-0x9fc0ffff 64bit]
Jul 04 22:41:03 pop-os kernel: pci 0000:00:14.0: PME# supported from D3hot D3cold
Jul 04 22:41:03 pop-os kernel: pci 0000:00:14.2: [8086:06ef] type 00 class 0x050000
Jul 04 22:41:03 pop-os kernel: pci 0000:00:14.2: reg 0x10: [mem 0x9fc20000-0x9fc21fff 64bit]
Jul 04 22:41:03 pop-os kernel: pci 0000:00:14.2: reg 0x18: [mem 0x9fc26000-0x9fc26fff 64bit]
Jul 04 22:41:03 pop-os kernel: pci 0000:00:14.3: [8086:06f0] type 00 class 0x028000
Jul 04 22:41:03 pop-os kernel: pci 0000:00:14.3: reg 0x10: [mem 0x9fc18000-0x9fc1bfff 64bit]
Jul 04 22:41:03 pop-os kernel: pci 0000:00:14.3: PME# supported from D0 D3hot D3cold
Jul 04 22:41:03 pop-os kernel: pci 0000:00:15.0: [8086:06e8] type 00 class 0x0c8000
Jul 04 22:41:03 pop-os kernel: pci 0000:00:15.0: reg 0x10: [mem 0x9fc27000-0x9fc27fff 64bit]
Jul 04 22:41:03 pop-os kernel: pci 0000:00:17.0: [8086:06d3] type 00 class 0x010601
Jul 04 22:41:03 pop-os kernel: pci 0000:00:17.0: reg 0x10: [mem 0x9fc22000-0x9fc23fff]
Jul 04 22:41:03 pop-os kernel: pci 0000:00:17.0: reg 0x14: [mem 0x9fc2a000-0x9fc2a0ff]
Jul 04 22:41:03 pop-os kernel: pci 0000:00:17.0: reg 0x18: [io  0x1060-0x1067]
Jul 04 22:41:03 pop-os kernel: pci 0000:00:17.0: reg 0x1c: [io  0x1068-0x106b]
Jul 04 22:41:03 pop-os kernel: pci 0000:00:17.0: reg 0x20: [io  0x1040-0x105f]
Jul 04 22:41:03 pop-os kernel: pci 0000:00:17.0: reg 0x24: [mem 0x9fc29000-0x9fc297ff]
Jul 04 22:41:03 pop-os kernel: pci 0000:00:17.0: PME# supported from D3hot
Jul 04 22:41:03 pop-os kernel: pci 0000:00:1b.0: [8086:06c0] type 01 class 0x060400
Jul 04 22:41:03 pop-os kernel: pci 0000:00:1b.0: PME# supported from D0 D3hot D3cold
Jul 04 22:41:03 pop-os kernel: pci 0000:00:1b.0: PTM enabled (root), 4ns granularity
Jul 04 22:41:03 pop-os kernel: pci 0000:00:1d.0: [8086:06b0] type 01 class 0x060400
Jul 04 22:41:03 pop-os kernel: pci 0000:00:1d.0: PME# supported from D0 D3hot D3cold
Jul 04 22:41:03 pop-os kernel: pci 0000:00:1d.0: PTM enabled (root), 4ns granularity
Jul 04 22:41:03 pop-os kernel: pci 0000:00:1d.5: [8086:06b5] type 01 class 0x060400
Jul 04 22:41:03 pop-os kernel: pci 0000:00:1d.5: PME# supported from D0 D3hot D3cold
Jul 04 22:41:03 pop-os kernel: pci 0000:00:1d.5: PTM enabled (root), 4ns granularity
Jul 04 22:41:03 pop-os kernel: pci 0000:00:1d.6: [8086:06b6] type 01 class 0x060400
Jul 04 22:41:03 pop-os kernel: pci 0000:00:1d.6: PME# supported from D0 D3hot D3cold
Jul 04 22:41:03 pop-os kernel: pci 0000:00:1d.6: PTM enabled (root), 4ns granularity
Jul 04 22:41:03 pop-os kernel: pci 0000:00:1f.0: [8086:068d] type 00 class 0x060100
Jul 04 22:41:03 pop-os kernel: pci 0000:00:1f.3: [8086:06c8] type 00 class 0x040300
Jul 04 22:41:03 pop-os kernel: pci 0000:00:1f.3: reg 0x10: [mem 0x9fc1c000-0x9fc1ffff 64bit]
Jul 04 22:41:03 pop-os kernel: pci 0000:00:1f.3: reg 0x20: [mem 0x9fb00000-0x9fbfffff 64bit]
Jul 04 22:41:03 pop-os kernel: pci 0000:00:1f.3: PME# supported from D3hot D3cold
Jul 04 22:41:03 pop-os kernel: pci 0000:00:1f.4: [8086:06a3] type 00 class 0x0c0500
Jul 04 22:41:03 pop-os kernel: pci 0000:00:1f.4: reg 0x10: [mem 0x9fc2b000-0x9fc2b0ff 64bit]
Jul 04 22:41:03 pop-os kernel: pci 0000:00:1f.4: reg 0x20: [io  0xefa0-0xefbf]
Jul 04 22:41:03 pop-os kernel: pci 0000:00:1f.5: [8086:06a4] type 00 class 0x0c8000
Jul 04 22:41:03 pop-os kernel: pci 0000:00:1f.5: reg 0x10: [mem 0xfe010000-0xfe010fff]
Jul 04 22:41:03 pop-os kernel: pci 0000:01:00.0: [10de:2520] type 00 class 0x030000
Jul 04 22:41:03 pop-os kernel: pci 0000:01:00.0: reg 0x10: [mem 0xb0000000-0xb0ffffff]
Jul 04 22:41:03 pop-os kernel: pci 0000:01:00.0: reg 0x14: [mem 0x600000000-0x7ffffffff 64bit pref]
Jul 04 22:41:03 pop-os kernel: pci 0000:01:00.0: reg 0x1c: [mem 0x800000000-0x801ffffff 64bit pref]
Jul 04 22:41:03 pop-os kernel: pci 0000:01:00.0: reg 0x24: [io  0x4000-0x407f]
Jul 04 22:41:03 pop-os kernel: pci 0000:01:00.0: reg 0x30: [mem 0xb1000000-0xb107ffff pref]
Jul 04 22:41:03 pop-os kernel: pci 0000:01:00.0: BAR 1: assigned to efifb
Jul 04 22:41:03 pop-os kernel: pci 0000:01:00.0: PME# supported from D0 D3hot
Jul 04 22:41:03 pop-os kernel: pci 0000:01:00.0: 126.016 Gb/s available PCIe bandwidth, limited by 8.0 GT/s PCIe x16 link at 0000:00:01.0 (capable of 252.048 Gb/s with 16.0 GT/s PCIe x16 link)
Jul 04 22:41:03 pop-os kernel: pci 0000:01:00.1: [10de:228e] type 00 class 0x040300
Jul 04 22:41:03 pop-os kernel: pci 0000:01:00.1: reg 0x10: [mem 0xb1080000-0xb1083fff]
Jul 04 22:41:03 pop-os kernel: pci 0000:00:01.0: PCI bridge to [bus 01]
Jul 04 22:41:03 pop-os kernel: pci 0000:00:01.0:   bridge window [io  0x4000-0x4fff]
Jul 04 22:41:03 pop-os kernel: pci 0000:00:01.0:   bridge window [mem 0xb0000000-0xb10fffff]
Jul 04 22:41:03 pop-os kernel: pci 0000:00:01.0:   bridge window [mem 0x600000000-0x801ffffff 64bit pref]
Jul 04 22:41:03 pop-os kernel: pci 0000:02:00.0: [8086:15e7] type 01 class 0x060400
Jul 04 22:41:03 pop-os kernel: pci 0000:02:00.0: enabling Extended Tags
Jul 04 22:41:03 pop-os kernel: pci 0000:02:00.0: supports D1 D2
Jul 04 22:41:03 pop-os kernel: pci 0000:02:00.0: PME# supported from D0 D1 D2 D3hot D3cold
Jul 04 22:41:03 pop-os kernel: pci 0000:02:00.0: PTM enabled, 4ns granularity
Jul 04 22:41:03 pop-os kernel: pci 0000:00:1b.0: PCI bridge to [bus 02-26]
Jul 04 22:41:03 pop-os kernel: pci 0000:00:1b.0:   bridge window [io  0x2000-0x3fff]
Jul 04 22:41:03 pop-os kernel: pci 0000:00:1b.0:   bridge window [mem 0xd3000000-0xd51fffff]
Jul 04 22:41:03 pop-os kernel: pci 0000:00:1b.0:   bridge window [mem 0xb3000000-0xd2ffffff 64bit pref]
Jul 04 22:41:03 pop-os kernel: pci 0000:03:00.0: [8086:15e7] type 01 class 0x060400
Jul 04 22:41:03 pop-os kernel: pci 0000:03:00.0: enabling Extended Tags
Jul 04 22:41:03 pop-os kernel: pci 0000:03:00.0: supports D1 D2
Jul 04 22:41:03 pop-os kernel: pci 0000:03:00.0: PME# supported from D0 D1 D2 D3hot D3cold
Jul 04 22:41:03 pop-os kernel: pci 0000:03:01.0: [8086:15e7] type 01 class 0x060400
Jul 04 22:41:03 pop-os kernel: pci 0000:03:01.0: enabling Extended Tags
Jul 04 22:41:03 pop-os kernel: pci 0000:03:01.0: supports D1 D2
Jul 04 22:41:03 pop-os kernel: pci 0000:03:01.0: PME# supported from D0 D1 D2 D3hot D3cold
Jul 04 22:41:03 pop-os kernel: pci 0000:03:02.0: [8086:15e7] type 01 class 0x060400
Jul 04 22:41:03 pop-os kernel: pci 0000:03:02.0: enabling Extended Tags
Jul 04 22:41:03 pop-os kernel: pci 0000:03:02.0: supports D1 D2
Jul 04 22:41:03 pop-os kernel: pci 0000:03:02.0: PME# supported from D0 D1 D2 D3hot D3cold
Jul 04 22:41:03 pop-os kernel: pci 0000:02:00.0: PCI bridge to [bus 03-26]
Jul 04 22:41:03 pop-os kernel: pci 0000:02:00.0:   bridge window [io  0x2000-0x3fff]
Jul 04 22:41:03 pop-os kernel: pci 0000:02:00.0:   bridge window [mem 0xd3000000-0xd51fffff]
Jul 04 22:41:03 pop-os kernel: pci 0000:02:00.0:   bridge window [mem 0xb3000000-0xd2ffffff 64bit pref]
Jul 04 22:41:03 pop-os kernel: pci 0000:04:00.0: [8086:15e8] type 00 class 0x088000
Jul 04 22:41:03 pop-os kernel: pci 0000:04:00.0: reg 0x10: [mem 0xd5000000-0xd503ffff]
Jul 04 22:41:03 pop-os kernel: pci 0000:04:00.0: reg 0x14: [mem 0xd5040000-0xd5040fff]
Jul 04 22:41:03 pop-os kernel: pci 0000:04:00.0: enabling Extended Tags
Jul 04 22:41:03 pop-os kernel: pci 0000:04:00.0: supports D1 D2
Jul 04 22:41:03 pop-os kernel: pci 0000:04:00.0: PME# supported from D0 D1 D2 D3hot D3cold
Jul 04 22:41:03 pop-os kernel: pci 0000:03:00.0: PCI bridge to [bus 04]
Jul 04 22:41:03 pop-os kernel: pci 0000:03:00.0:   bridge window [mem 0xd5000000-0xd50fffff]
Jul 04 22:41:03 pop-os kernel: pci 0000:03:01.0: PCI bridge to [bus 05-25]
Jul 04 22:41:03 pop-os kernel: pci 0000:03:01.0:   bridge window [io  0x2000-0x3fff]
Jul 04 22:41:03 pop-os kernel: pci 0000:03:01.0:   bridge window [mem 0xd3000000-0xd4ffffff]
Jul 04 22:41:03 pop-os kernel: pci 0000:03:01.0:   bridge window [mem 0xb3000000-0xd2ffffff 64bit pref]
Jul 04 22:41:03 pop-os kernel: pci 0000:26:00.0: [8086:15e9] type 00 class 0x0c0330
Jul 04 22:41:03 pop-os kernel: pci 0000:26:00.0: reg 0x10: [mem 0xd5100000-0xd510ffff]
Jul 04 22:41:03 pop-os kernel: pci 0000:26:00.0: enabling Extended Tags
Jul 04 22:41:03 pop-os kernel: pci 0000:26:00.0: supports D1 D2
Jul 04 22:41:03 pop-os kernel: pci 0000:26:00.0: PME# supported from D0 D1 D2 D3hot D3cold
Jul 04 22:41:03 pop-os kernel: pci 0000:26:00.0: 8.000 Gb/s available PCIe bandwidth, limited by 2.5 GT/s PCIe x4 link at 0000:03:02.0 (capable of 31.504 Gb/s with 8.0 GT/s PCIe x4 link)
Jul 04 22:41:03 pop-os kernel: pci 0000:03:02.0: PCI bridge to [bus 26]
Jul 04 22:41:03 pop-os kernel: pci 0000:03:02.0:   bridge window [mem 0xd5100000-0xd51fffff]
Jul 04 22:41:03 pop-os kernel: pci 0000:27:00.0: [15b7:5009] type 00 class 0x010802
Jul 04 22:41:03 pop-os kernel: pci 0000:27:00.0: reg 0x10: [mem 0x9f800000-0x9f803fff 64bit]
Jul 04 22:41:03 pop-os kernel: pci 0000:27:00.0: reg 0x20: [mem 0x9f804000-0x9f8040ff 64bit]
Jul 04 22:41:03 pop-os kernel: pci 0000:00:1d.0: PCI bridge to [bus 27]
Jul 04 22:41:03 pop-os kernel: pci 0000:00:1d.0:   bridge window [mem 0x9f800000-0x9f8fffff]
Jul 04 22:41:03 pop-os kernel: pci 0000:28:00.0: [10ec:8168] type 00 class 0x020000
Jul 04 22:41:03 pop-os kernel: pci 0000:28:00.0: reg 0x10: [io  0x5000-0x50ff]
Jul 04 22:41:03 pop-os kernel: pci 0000:28:00.0: reg 0x18: [mem 0x9f904000-0x9f904fff 64bit]
Jul 04 22:41:03 pop-os kernel: pci 0000:28:00.0: reg 0x20: [mem 0x9f900000-0x9f903fff 64bit]
Jul 04 22:41:03 pop-os kernel: pci 0000:28:00.0: supports D1 D2
Jul 04 22:41:03 pop-os kernel: pci 0000:28:00.0: PME# supported from D0 D1 D2 D3hot D3cold
Jul 04 22:41:03 pop-os kernel: pci 0000:00:1d.5: PCI bridge to [bus 28]
Jul 04 22:41:03 pop-os kernel: pci 0000:00:1d.5:   bridge window [io  0x5000-0x5fff]
Jul 04 22:41:03 pop-os kernel: pci 0000:00:1d.5:   bridge window [mem 0x9f900000-0x9f9fffff]
Jul 04 22:41:03 pop-os kernel: pci 0000:29:00.0: [10ec:525a] type 00 class 0xff0000
Jul 04 22:41:03 pop-os kernel: pci 0000:29:00.0: reg 0x10: [mem 0x9fa00000-0x9fa00fff]
Jul 04 22:41:03 pop-os kernel: pci 0000:29:00.0: reg 0x14: [mem 0x9fa01000-0x9fa01fff]
Jul 04 22:41:03 pop-os kernel: pci 0000:29:00.0: supports D1 D2
Jul 04 22:41:03 pop-os kernel: pci 0000:29:00.0: PME# supported from D1 D2 D3hot D3cold
Jul 04 22:41:03 pop-os kernel: pci 0000:00:1d.6: PCI bridge to [bus 29]
Jul 04 22:41:03 pop-os kernel: pci 0000:00:1d.6:   bridge window [mem 0x9fa00000-0x9fafffff]
Jul 04 22:41:03 pop-os kernel: ACPI: EC: interrupt unblocked
Jul 04 22:41:03 pop-os kernel: ACPI: EC: event unblocked
Jul 04 22:41:03 pop-os kernel: ACPI: EC: EC_CMD/EC_SC=0x66, EC_DATA=0x62
Jul 04 22:41:03 pop-os kernel: ACPI: EC: GPE=0x3
Jul 04 22:41:03 pop-os kernel: ACPI: \_SB_.PCI0.LPCB.EC0_: Boot DSDT EC initialization complete
Jul 04 22:41:03 pop-os kernel: ACPI: \_SB_.PCI0.LPCB.EC0_: EC: Used to handle transactions and events
Jul 04 22:41:03 pop-os kernel: iommu: Default domain type: Translated 
Jul 04 22:41:03 pop-os kernel: iommu: DMA domain TLB invalidation policy: lazy mode 
Jul 04 22:41:03 pop-os kernel: pci 0000:00:02.0: vgaarb: setting as boot VGA device
Jul 04 22:41:03 pop-os kernel: pci 0000:00:02.0: vgaarb: VGA device added: decodes=io+mem,owns=io+mem,locks=none
Jul 04 22:41:03 pop-os kernel: pci 0000:01:00.0: vgaarb: VGA device added: decodes=io+mem,owns=none,locks=none
Jul 04 22:41:03 pop-os kernel: pci 0000:00:02.0: vgaarb: no bridge control possible
Jul 04 22:41:03 pop-os kernel: pci 0000:01:00.0: vgaarb: bridge control possible
Jul 04 22:41:03 pop-os kernel: pci 0000:01:00.0: vgaarb: overriding boot device
Jul 04 22:41:03 pop-os kernel: vgaarb: loaded
Jul 04 22:41:03 pop-os kernel: SCSI subsystem initialized
Jul 04 22:41:03 pop-os kernel: libata version 3.00 loaded.
Jul 04 22:41:03 pop-os kernel: ACPI: bus type USB registered
Jul 04 22:41:03 pop-os kernel: usbcore: registered new interface driver usbfs
Jul 04 22:41:03 pop-os kernel: usbcore: registered new interface driver hub
Jul 04 22:41:03 pop-os kernel: usbcore: registered new device driver usb
Jul 04 22:41:03 pop-os kernel: pps_core: LinuxPPS API ver. 1 registered
Jul 04 22:41:03 pop-os kernel: pps_core: Software ver. 5.3.6 - Copyright 2005-2007 Rodolfo Giometti <giometti@linux.it>
Jul 04 22:41:03 pop-os kernel: PTP clock support registered
Jul 04 22:41:03 pop-os kernel: EDAC MC: Ver: 3.0.0
Jul 04 22:41:03 pop-os kernel: Registered efivars operations
Jul 04 22:41:03 pop-os kernel: NetLabel: Initializing
Jul 04 22:41:03 pop-os kernel: NetLabel:  domain hash size = 128
Jul 04 22:41:03 pop-os kernel: NetLabel:  protocols = UNLABELED CIPSOv4 CALIPSO
Jul 04 22:41:03 pop-os kernel: NetLabel:  unlabeled traffic allowed by default
Jul 04 22:41:03 pop-os kernel: mctp: management component transport protocol core
Jul 04 22:41:03 pop-os kernel: NET: Registered PF_MCTP protocol family
Jul 04 22:41:03 pop-os kernel: PCI: Using ACPI for IRQ routing
Jul 04 22:41:03 pop-os kernel: PCI: pci_cache_line_size set to 64 bytes
Jul 04 22:41:03 pop-os kernel: e820: reserve RAM buffer [mem 0x97d55018-0x97ffffff]
Jul 04 22:41:03 pop-os kernel: e820: reserve RAM buffer [mem 0x97dd9000-0x97ffffff]
Jul 04 22:41:03 pop-os kernel: e820: reserve RAM buffer [mem 0x98ce1000-0x9bffffff]
Jul 04 22:41:03 pop-os kernel: e820: reserve RAM buffer [mem 0x994ae000-0x9bffffff]
Jul 04 22:41:03 pop-os kernel: e820: reserve RAM buffer [mem 0x995fd000-0x9bffffff]
Jul 04 22:41:03 pop-os kernel: e820: reserve RAM buffer [mem 0x99a40000-0x9bffffff]
Jul 04 22:41:03 pop-os kernel: e820: reserve RAM buffer [mem 0x45e800000-0x45fffffff]
Jul 04 22:41:03 pop-os kernel: clocksource: Switched to clocksource tsc-early
Jul 04 22:41:03 pop-os kernel: VFS: Disk quotas dquot_6.6.0
Jul 04 22:41:03 pop-os kernel: VFS: Dquot-cache hash table entries: 512 (order 0, 4096 bytes)
Jul 04 22:41:03 pop-os kernel: AppArmor: AppArmor Filesystem Enabled
Jul 04 22:41:03 pop-os kernel: pnp: PnP ACPI init
Jul 04 22:41:03 pop-os kernel: system 00:00: [mem 0xfed10000-0xfed17fff] has been reserved
Jul 04 22:41:03 pop-os kernel: system 00:00: [mem 0xfed18000-0xfed18fff] has been reserved
Jul 04 22:41:03 pop-os kernel: system 00:00: [mem 0xfed19000-0xfed19fff] has been reserved
Jul 04 22:41:03 pop-os kernel: system 00:00: [mem 0xe0000000-0xefffffff] has been reserved
Jul 04 22:41:03 pop-os kernel: system 00:00: [mem 0xfed90000-0xfed93fff] could not be reserved
Jul 04 22:41:03 pop-os kernel: system 00:00: [mem 0xff000000-0xffffffff] has been reserved
Jul 04 22:41:03 pop-os kernel: system 00:00: [mem 0xfee00000-0xfeefffff] has been reserved
Jul 04 22:41:03 pop-os kernel: system 00:00: [mem 0xfed00000-0xfed003ff] has been reserved
Jul 04 22:41:03 pop-os kernel: system 00:01: [mem 0xfed00000-0xfed003ff] has been reserved
Jul 04 22:41:03 pop-os kernel: system 00:02: [io  0x1800-0x18fe] has been reserved
Jul 04 22:41:03 pop-os kernel: pnp: PnP ACPI: found 6 devices
Jul 04 22:41:03 pop-os kernel: clocksource: acpi_pm: mask: 0xffffff max_cycles: 0xffffff, max_idle_ns: 2085701024 ns
Jul 04 22:41:03 pop-os kernel: NET: Registered PF_INET protocol family
Jul 04 22:41:03 pop-os kernel: IP idents hash table entries: 262144 (order: 9, 2097152 bytes, linear)
Jul 04 22:41:03 pop-os kernel: tcp_listen_portaddr_hash hash table entries: 8192 (order: 5, 131072 bytes, linear)
Jul 04 22:41:03 pop-os kernel: TCP established hash table entries: 131072 (order: 8, 1048576 bytes, linear)
Jul 04 22:41:03 pop-os kernel: TCP bind hash table entries: 65536 (order: 8, 1048576 bytes, linear)
Jul 04 22:41:03 pop-os kernel: TCP: Hash tables configured (established 131072 bind 65536)
Jul 04 22:41:03 pop-os kernel: MPTCP token hash table entries: 16384 (order: 6, 393216 bytes, linear)
Jul 04 22:41:03 pop-os kernel: UDP hash table entries: 8192 (order: 6, 262144 bytes, linear)
Jul 04 22:41:03 pop-os kernel: UDP-Lite hash table entries: 8192 (order: 6, 262144 bytes, linear)
Jul 04 22:41:03 pop-os kernel: NET: Registered PF_UNIX/PF_LOCAL protocol family
Jul 04 22:41:03 pop-os kernel: NET: Registered PF_XDP protocol family
Jul 04 22:41:03 pop-os kernel: pci 0000:00:01.0: PCI bridge to [bus 01]
Jul 04 22:41:03 pop-os kernel: pci 0000:00:01.0:   bridge window [io  0x4000-0x4fff]
Jul 04 22:41:03 pop-os kernel: pci 0000:00:01.0:   bridge window [mem 0xb0000000-0xb10fffff]
Jul 04 22:41:03 pop-os kernel: pci 0000:00:01.0:   bridge window [mem 0x600000000-0x801ffffff 64bit pref]
Jul 04 22:41:03 pop-os kernel: pci 0000:03:00.0: PCI bridge to [bus 04]
Jul 04 22:41:03 pop-os kernel: pci 0000:03:00.0:   bridge window [mem 0xd5000000-0xd50fffff]
Jul 04 22:41:03 pop-os kernel: pci 0000:03:01.0: PCI bridge to [bus 05-25]
Jul 04 22:41:03 pop-os kernel: pci 0000:03:01.0:   bridge window [io  0x2000-0x3fff]
Jul 04 22:41:03 pop-os kernel: pci 0000:03:01.0:   bridge window [mem 0xd3000000-0xd4ffffff]
Jul 04 22:41:03 pop-os kernel: pci 0000:03:01.0:   bridge window [mem 0xb3000000-0xd2ffffff 64bit pref]
Jul 04 22:41:03 pop-os kernel: pci 0000:03:02.0: PCI bridge to [bus 26]
Jul 04 22:41:03 pop-os kernel: pci 0000:03:02.0:   bridge window [mem 0xd5100000-0xd51fffff]
Jul 04 22:41:03 pop-os kernel: pci 0000:02:00.0: PCI bridge to [bus 03-26]
Jul 04 22:41:03 pop-os kernel: pci 0000:02:00.0:   bridge window [io  0x2000-0x3fff]
Jul 04 22:41:03 pop-os kernel: pci 0000:02:00.0:   bridge window [mem 0xd3000000-0xd51fffff]
Jul 04 22:41:03 pop-os kernel: pci 0000:02:00.0:   bridge window [mem 0xb3000000-0xd2ffffff 64bit pref]
Jul 04 22:41:03 pop-os kernel: pci 0000:00:1b.0: PCI bridge to [bus 02-26]
Jul 04 22:41:03 pop-os kernel: pci 0000:00:1b.0:   bridge window [io  0x2000-0x3fff]
Jul 04 22:41:03 pop-os kernel: pci 0000:00:1b.0:   bridge window [mem 0xd3000000-0xd51fffff]
Jul 04 22:41:03 pop-os kernel: pci 0000:00:1b.0:   bridge window [mem 0xb3000000-0xd2ffffff 64bit pref]
Jul 04 22:41:03 pop-os kernel: pci 0000:00:1d.0: PCI bridge to [bus 27]
Jul 04 22:41:03 pop-os kernel: pci 0000:00:1d.0:   bridge window [mem 0x9f800000-0x9f8fffff]
Jul 04 22:41:03 pop-os kernel: pci 0000:00:1d.5: PCI bridge to [bus 28]
Jul 04 22:41:03 pop-os kernel: pci 0000:00:1d.5:   bridge window [io  0x5000-0x5fff]
Jul 04 22:41:03 pop-os kernel: pci 0000:00:1d.5:   bridge window [mem 0x9f900000-0x9f9fffff]
Jul 04 22:41:03 pop-os kernel: pci 0000:00:1d.6: PCI bridge to [bus 29]
Jul 04 22:41:03 pop-os kernel: pci 0000:00:1d.6:   bridge window [mem 0x9fa00000-0x9fafffff]
Jul 04 22:41:03 pop-os kernel: pci_bus 0000:00: resource 4 [io  0x0000-0x0cf7 window]
Jul 04 22:41:03 pop-os kernel: pci_bus 0000:00: resource 5 [io  0x0d00-0xffff window]
Jul 04 22:41:03 pop-os kernel: pci_bus 0000:00: resource 6 [mem 0x000a0000-0x000fffff window]
Jul 04 22:41:03 pop-os kernel: pci_bus 0000:00: resource 7 [mem 0x9f800000-0xdfffffff window]
Jul 04 22:41:03 pop-os kernel: pci_bus 0000:00: resource 8 [mem 0x45e800000-0x7fffffffff window]
Jul 04 22:41:03 pop-os kernel: pci_bus 0000:00: resource 9 [mem 0xfc800000-0xfe7fffff window]
Jul 04 22:41:03 pop-os kernel: pci_bus 0000:00: resource 10 [mem 0xfed40000-0xfed47fff window]
Jul 04 22:41:03 pop-os kernel: pci_bus 0000:01: resource 0 [io  0x4000-0x4fff]
Jul 04 22:41:03 pop-os kernel: pci_bus 0000:01: resource 1 [mem 0xb0000000-0xb10fffff]
Jul 04 22:41:03 pop-os kernel: pci_bus 0000:01: resource 2 [mem 0x600000000-0x801ffffff 64bit pref]
Jul 04 22:41:03 pop-os kernel: pci_bus 0000:02: resource 0 [io  0x2000-0x3fff]
Jul 04 22:41:03 pop-os kernel: pci_bus 0000:02: resource 1 [mem 0xd3000000-0xd51fffff]
Jul 04 22:41:03 pop-os kernel: pci_bus 0000:02: resource 2 [mem 0xb3000000-0xd2ffffff 64bit pref]
Jul 04 22:41:03 pop-os kernel: pci_bus 0000:03: resource 0 [io  0x2000-0x3fff]
Jul 04 22:41:03 pop-os kernel: pci_bus 0000:03: resource 1 [mem 0xd3000000-0xd51fffff]
Jul 04 22:41:03 pop-os kernel: pci_bus 0000:03: resource 2 [mem 0xb3000000-0xd2ffffff 64bit pref]
Jul 04 22:41:03 pop-os kernel: pci_bus 0000:04: resource 1 [mem 0xd5000000-0xd50fffff]
Jul 04 22:41:03 pop-os kernel: pci_bus 0000:05: resource 0 [io  0x2000-0x3fff]
Jul 04 22:41:03 pop-os kernel: pci_bus 0000:05: resource 1 [mem 0xd3000000-0xd4ffffff]
Jul 04 22:41:03 pop-os kernel: pci_bus 0000:05: resource 2 [mem 0xb3000000-0xd2ffffff 64bit pref]
Jul 04 22:41:03 pop-os kernel: pci_bus 0000:26: resource 1 [mem 0xd5100000-0xd51fffff]
Jul 04 22:41:03 pop-os kernel: pci_bus 0000:27: resource 1 [mem 0x9f800000-0x9f8fffff]
Jul 04 22:41:03 pop-os kernel: pci_bus 0000:28: resource 0 [io  0x5000-0x5fff]
Jul 04 22:41:03 pop-os kernel: pci_bus 0000:28: resource 1 [mem 0x9f900000-0x9f9fffff]
Jul 04 22:41:03 pop-os kernel: pci_bus 0000:29: resource 1 [mem 0x9fa00000-0x9fafffff]
Jul 04 22:41:03 pop-os kernel: pci 0000:01:00.1: D0 power state depends on 0000:01:00.0
Jul 04 22:41:03 pop-os kernel: PCI: CLS 64 bytes, default 64
Jul 04 22:41:03 pop-os kernel: PCI-DMA: Using software bounce buffering for IO (SWIOTLB)
Jul 04 22:41:03 pop-os kernel: software IO TLB: mapped [mem 0x0000000091a40000-0x0000000095a40000] (64MB)
Jul 04 22:41:03 pop-os kernel: Trying to unpack rootfs image as initramfs...
Jul 04 22:41:03 pop-os kernel: Initialise system trusted keyrings
Jul 04 22:41:03 pop-os kernel: Key type blacklist registered
Jul 04 22:41:03 pop-os kernel: workingset: timestamp_bits=36 max_order=22 bucket_order=0
Jul 04 22:41:03 pop-os kernel: zbud: loaded
Jul 04 22:41:03 pop-os kernel: squashfs: version 4.0 (2009/01/31) Phillip Lougher
Jul 04 22:41:03 pop-os kernel: fuse: init (API version 7.36)
Jul 04 22:41:03 pop-os kernel: integrity: Platform Keyring initialized
Jul 04 22:41:03 pop-os kernel: Key type asymmetric registered
Jul 04 22:41:03 pop-os kernel: Asymmetric key parser 'x509' registered
Jul 04 22:41:03 pop-os kernel: Freeing initrd memory: 134828K
Jul 04 22:41:03 pop-os kernel: alg: self-tests for CTR-KDF (hmac(sha256)) passed
Jul 04 22:41:03 pop-os kernel: Block layer SCSI generic (bsg) driver version 0.4 loaded (major 243)
Jul 04 22:41:03 pop-os kernel: io scheduler mq-deadline registered
Jul 04 22:41:03 pop-os kernel: pcieport 0000:00:01.0: PME: Signaling with IRQ 122
Jul 04 22:41:03 pop-os kernel: pcieport 0000:00:1b.0: PME: Signaling with IRQ 123
Jul 04 22:41:03 pop-os kernel: pcieport 0000:00:1b.0: pciehp: Slot #16 AttnBtn- PwrCtrl- MRL- AttnInd- PwrInd- HotPlug+ Surprise+ Interlock- NoCompl+ IbPresDis- LLActRep+
Jul 04 22:41:03 pop-os kernel: pcieport 0000:00:1d.0: PME: Signaling with IRQ 124
Jul 04 22:41:03 pop-os kernel: pcieport 0000:00:1d.5: PME: Signaling with IRQ 125
Jul 04 22:41:03 pop-os kernel: pcieport 0000:00:1d.6: PME: Signaling with IRQ 126
Jul 04 22:41:03 pop-os kernel: pcieport 0000:03:01.0: pciehp: Slot #1 AttnBtn- PwrCtrl- MRL- AttnInd- PwrInd- HotPlug+ Surprise+ Interlock- NoCompl+ IbPresDis- LLActRep+
Jul 04 22:41:03 pop-os kernel: shpchp: Standard Hot Plug PCI Controller Driver version: 0.4
Jul 04 22:41:03 pop-os kernel: Monitor-Mwait will be used to enter C-1 state
Jul 04 22:41:03 pop-os kernel: Monitor-Mwait will be used to enter C-2 state
Jul 04 22:41:03 pop-os kernel: Monitor-Mwait will be used to enter C-3 state
Jul 04 22:41:03 pop-os kernel: ACPI: \_SB_.CP00: Found 3 idle states
Jul 04 22:41:03 pop-os kernel: ACPI: AC: AC Adapter [AC] (on-line)
Jul 04 22:41:03 pop-os kernel: input: Power Button as /devices/LNXSYSTM:00/LNXSYBUS:00/PNP0C0C:00/input/input0
Jul 04 22:41:03 pop-os kernel: ACPI: button: Power Button [PWRB]
Jul 04 22:41:03 pop-os kernel: input: Sleep Button as /devices/LNXSYSTM:00/LNXSYBUS:00/PNP0C0E:00/input/input1
Jul 04 22:41:03 pop-os kernel: ACPI: button: Sleep Button [SLPB]
Jul 04 22:41:03 pop-os kernel: input: Lid Switch as /devices/LNXSYSTM:00/LNXSYBUS:00/PNP0C0D:00/input/input2
Jul 04 22:41:03 pop-os kernel: ACPI: button: Lid Switch [LID0]
Jul 04 22:41:03 pop-os kernel: input: Power Button as /devices/LNXSYSTM:00/LNXPWRBN:00/input/input3
Jul 04 22:41:03 pop-os kernel: ACPI: button: Power Button [PWRF]
Jul 04 22:41:03 pop-os kernel: smpboot: Estimated ratio of average max frequency by base frequency (times 1024): 2141
Jul 04 22:41:03 pop-os kernel: Serial: 8250/16550 driver, 32 ports, IRQ sharing enabled
Jul 04 22:41:03 pop-os kernel: hpet_acpi_add: no address or irqs in _CRS
Jul 04 22:41:03 pop-os kernel: Linux agpgart interface v0.103
Jul 04 22:41:03 pop-os kernel: tpm_tis MSFT0101:00: 2.0 TPM (device-id 0x1B, rev-id 22)
Jul 04 22:41:03 pop-os kernel: loop: module loaded
Jul 04 22:41:03 pop-os kernel: tun: Universal TUN/TAP device driver, 1.6
Jul 04 22:41:03 pop-os kernel: PPP generic driver version 2.4.2
Jul 04 22:41:03 pop-os kernel: VFIO - User Level meta-driver version: 0.3
Jul 04 22:41:03 pop-os kernel: ehci_hcd: USB 2.0 'Enhanced' Host Controller (EHCI) Driver
Jul 04 22:41:03 pop-os kernel: ehci-pci: EHCI PCI platform driver
Jul 04 22:41:03 pop-os kernel: ehci-platform: EHCI generic platform driver
Jul 04 22:41:03 pop-os kernel: ohci_hcd: USB 1.1 'Open' Host Controller (OHCI) Driver
Jul 04 22:41:03 pop-os kernel: ohci-pci: OHCI PCI platform driver
Jul 04 22:41:03 pop-os kernel: ohci-platform: OHCI generic platform driver
Jul 04 22:41:03 pop-os kernel: uhci_hcd: USB Universal Host Controller Interface driver
Jul 04 22:41:03 pop-os kernel: i8042: PNP: PS/2 Controller [PNP0303:PS2K,PNP0f13:PS2M] at 0x60,0x64 irq 1,12
Jul 04 22:41:03 pop-os kernel: serio: i8042 KBD port at 0x60,0x64 irq 1
Jul 04 22:41:03 pop-os kernel: serio: i8042 AUX port at 0x60,0x64 irq 12
Jul 04 22:41:03 pop-os kernel: mousedev: PS/2 mouse device common for all mice
Jul 04 22:41:03 pop-os kernel: rtc_cmos 00:03: RTC can wake from S4
Jul 04 22:41:03 pop-os kernel: rtc_cmos 00:03: registered as rtc0
Jul 04 22:41:03 pop-os kernel: rtc_cmos 00:03: setting system clock to 2022-07-04T14:41:00 UTC (1656945660)
Jul 04 22:41:03 pop-os kernel: rtc_cmos 00:03: alarms up to one month, 242 bytes nvram
Jul 04 22:41:03 pop-os kernel: i2c_dev: i2c /dev entries driver
Jul 04 22:41:03 pop-os kernel: device-mapper: core: CONFIG_IMA_DISABLE_HTABLE is disabled. Duplicate IMA measurements will not be recorded in the IMA log.
Jul 04 22:41:03 pop-os kernel: device-mapper: uevent: version 1.0.3
Jul 04 22:41:03 pop-os kernel: device-mapper: ioctl: 4.45.0-ioctl (2021-03-22) initialised: dm-devel@redhat.com
Jul 04 22:41:03 pop-os kernel: platform eisa.0: Probing EISA bus 0
Jul 04 22:41:03 pop-os kernel: platform eisa.0: EISA: Cannot allocate resource for mainboard
Jul 04 22:41:03 pop-os kernel: platform eisa.0: Cannot allocate resource for EISA slot 1
Jul 04 22:41:03 pop-os kernel: platform eisa.0: Cannot allocate resource for EISA slot 2
Jul 04 22:41:03 pop-os kernel: platform eisa.0: Cannot allocate resource for EISA slot 3
Jul 04 22:41:03 pop-os kernel: platform eisa.0: Cannot allocate resource for EISA slot 4
Jul 04 22:41:03 pop-os kernel: platform eisa.0: Cannot allocate resource for EISA slot 5
Jul 04 22:41:03 pop-os kernel: platform eisa.0: Cannot allocate resource for EISA slot 6
Jul 04 22:41:03 pop-os kernel: platform eisa.0: Cannot allocate resource for EISA slot 7
Jul 04 22:41:03 pop-os kernel: platform eisa.0: Cannot allocate resource for EISA slot 8
Jul 04 22:41:03 pop-os kernel: platform eisa.0: EISA: Detected 0 cards
Jul 04 22:41:03 pop-os kernel: intel_pstate: Intel P-state driver initializing
Jul 04 22:41:03 pop-os kernel: intel_pstate: HWP enabled
Jul 04 22:41:03 pop-os kernel: ledtrig-cpu: registered to indicate activity on CPUs
Jul 04 22:41:03 pop-os kernel: efifb: probing for efifb
Jul 04 22:41:03 pop-os kernel: efifb: showing boot graphics
Jul 04 22:41:03 pop-os kernel: efifb: framebuffer at 0x600000000, using 2400k, total 2400k
Jul 04 22:41:03 pop-os kernel: efifb: mode is 800x600x32, linelength=4096, pages=1
Jul 04 22:41:03 pop-os kernel: efifb: scrolling: redraw
Jul 04 22:41:03 pop-os kernel: efifb: Truecolor: size=8:8:8:8, shift=24:16:8:0
Jul 04 22:41:03 pop-os kernel: fbcon: Deferring console take-over
Jul 04 22:41:03 pop-os kernel: fb0: EFI VGA frame buffer device
Jul 04 22:41:03 pop-os kernel: EFI Variables Facility v0.08 2004-May-17
Jul 04 22:41:03 pop-os kernel: intel_pmc_core INT33A1:00:  initialized
Jul 04 22:41:03 pop-os kernel: drop_monitor: Initializing network drop monitor service
Jul 04 22:41:03 pop-os kernel: NET: Registered PF_INET6 protocol family
Jul 04 22:41:03 pop-os kernel: Segment Routing with IPv6
Jul 04 22:41:03 pop-os kernel: In-situ OAM (IOAM) with IPv6
Jul 04 22:41:03 pop-os kernel: NET: Registered PF_PACKET protocol family
Jul 04 22:41:03 pop-os kernel: Key type dns_resolver registered
Jul 04 22:41:03 pop-os kernel: microcode: sig=0xa0652, pf=0x20, revision=0xf0
Jul 04 22:41:03 pop-os kernel: microcode: Microcode Update Driver: v2.2.
Jul 04 22:41:03 pop-os kernel: IPI shorthand broadcast: enabled
Jul 04 22:41:03 pop-os kernel: sched_clock: Marking stable (685781093, 12396928)->(708364850, -10186829)
Jul 04 22:41:03 pop-os kernel: registered taskstats version 1
Jul 04 22:41:03 pop-os kernel: Loading compiled-in X.509 certificates
Jul 04 22:41:03 pop-os kernel: Loaded X.509 cert 'Build time autogenerated kernel key: 16d449d8ca4af6e0939863be0f4bf83672503670'
Jul 04 22:41:03 pop-os kernel: Loaded X.509 cert 'Canonical Ltd. Live Patch Signing: 14df34d1a87cf37625abec039ef2bf521249b969'
Jul 04 22:41:03 pop-os kernel: Loaded X.509 cert 'Canonical Ltd. Kernel Module Signing: 88f752e560a1e0737e31163a466ad7b70a850c19'
Jul 04 22:41:03 pop-os kernel: blacklist: Loading compiled-in revocation X.509 certificates
Jul 04 22:41:03 pop-os kernel: Loaded X.509 cert 'Canonical Ltd. Secure Boot Signing: 61482aa2830d0ab2ad5af10b7250da9033ddcef0'
Jul 04 22:41:03 pop-os kernel: zswap: loaded using pool lzo/zbud
Jul 04 22:41:03 pop-os kernel: Key type ._fscrypt registered
Jul 04 22:41:03 pop-os kernel: Key type .fscrypt registered
Jul 04 22:41:03 pop-os kernel: Key type fscrypt-provisioning registered
Jul 04 22:41:03 pop-os kernel: Key type trusted registered
Jul 04 22:41:03 pop-os kernel: input: AT Translated Set 2 keyboard as /devices/platform/i8042/serio0/input/input4
Jul 04 22:41:03 pop-os kernel: Key type encrypted registered
Jul 04 22:41:03 pop-os kernel: AppArmor: AppArmor sha1 policy hashing enabled
Jul 04 22:41:03 pop-os kernel: Loading compiled-in module X.509 certificates
Jul 04 22:41:03 pop-os kernel: Loaded X.509 cert 'Build time autogenerated kernel key: 16d449d8ca4af6e0939863be0f4bf83672503670'
Jul 04 22:41:03 pop-os kernel: ima: Allocated hash algorithm: sha1
Jul 04 22:41:03 pop-os kernel: ima: No architecture policies found
Jul 04 22:41:03 pop-os kernel: evm: Initialising EVM extended attributes:
Jul 04 22:41:03 pop-os kernel: evm: security.selinux
Jul 04 22:41:03 pop-os kernel: evm: security.SMACK64
Jul 04 22:41:03 pop-os kernel: evm: security.SMACK64EXEC
Jul 04 22:41:03 pop-os kernel: evm: security.SMACK64TRANSMUTE
Jul 04 22:41:03 pop-os kernel: evm: security.SMACK64MMAP
Jul 04 22:41:03 pop-os kernel: evm: security.apparmor
Jul 04 22:41:03 pop-os kernel: evm: security.ima
Jul 04 22:41:03 pop-os kernel: evm: security.capability
Jul 04 22:41:03 pop-os kernel: evm: HMAC attrs: 0x1
Jul 04 22:41:03 pop-os kernel: PM:   Magic number: 14:921:686
Jul 04 22:41:03 pop-os kernel: RAS: Correctable Errors collector initialized.
Jul 04 22:41:03 pop-os kernel: ACPI: battery: Slot [BAT0] (battery present)
Jul 04 22:41:03 pop-os kernel: Freeing unused decrypted memory: 2036K
Jul 04 22:41:03 pop-os kernel: Freeing unused kernel image (initmem) memory: 2780K
Jul 04 22:41:03 pop-os kernel: Write protecting the kernel read-only data: 30720k
Jul 04 22:41:03 pop-os kernel: Freeing unused kernel image (text/rodata gap) memory: 2036K
Jul 04 22:41:03 pop-os kernel: Freeing unused kernel image (rodata/data gap) memory: 1420K
Jul 04 22:41:03 pop-os kernel: x86/mm: Checked W+X mappings: passed, no W+X pages found.
Jul 04 22:41:03 pop-os kernel: Run /init as init process
Jul 04 22:41:03 pop-os kernel:   with arguments:
Jul 04 22:41:03 pop-os kernel:     /init
Jul 04 22:41:03 pop-os kernel:     splash
Jul 04 22:41:03 pop-os kernel:   with environment:
Jul 04 22:41:03 pop-os kernel:     HOME=/
Jul 04 22:41:03 pop-os kernel:     TERM=linux
Jul 04 22:41:03 pop-os kernel: system76_acpi: loading out-of-tree module taints kernel.
Jul 04 22:41:03 pop-os kernel: system76_acpi: module verification failed: signature and/or required key missing - tainting kernel
Jul 04 22:41:03 pop-os kernel: ACPI: bus type thunderbolt registered
Jul 04 22:41:03 pop-os kernel: ACPI: bus type drm_connector registered
Jul 04 22:41:03 pop-os kernel: cryptd: max_cpu_qlen set to 1000
Jul 04 22:41:03 pop-os kernel: hid: raw HID events driver (C) Jiri Kosina
Jul 04 22:41:03 pop-os kernel: xhci_hcd 0000:00:14.0: xHCI Host Controller
Jul 04 22:41:03 pop-os kernel: xhci_hcd 0000:00:14.0: new USB bus registered, assigned bus number 1
Jul 04 22:41:03 pop-os kernel: xhci_hcd 0000:00:14.0: hcc params 0x200077c1 hci version 0x110 quirks 0x0000000000009810
Jul 04 22:41:03 pop-os kernel: ahci 0000:00:17.0: version 3.0
Jul 04 22:41:03 pop-os kernel: i801_smbus 0000:00:1f.4: SPD Write Disable is set
Jul 04 22:41:03 pop-os kernel: i801_smbus 0000:00:1f.4: SMBus using PCI interrupt
Jul 04 22:41:03 pop-os kernel: ahci 0000:00:17.0: AHCI 0001.0301 32 slots 1 ports 6 Gbps 0x0 impl SATA mode
Jul 04 22:41:03 pop-os kernel: ahci 0000:00:17.0: flags: 64bit ncq sntf clo only pio slum part ems deso sadm sds apst 
Jul 04 22:41:03 pop-os kernel: usb usb1: New USB device found, idVendor=1d6b, idProduct=0002, bcdDevice= 5.17
Jul 04 22:41:03 pop-os kernel: usb usb1: New USB device strings: Mfr=3, Product=2, SerialNumber=1
Jul 04 22:41:03 pop-os kernel: usb usb1: Product: xHCI Host Controller
Jul 04 22:41:03 pop-os kernel: usb usb1: Manufacturer: Linux 5.17.5-76051705-generic xhci-hcd
Jul 04 22:41:03 pop-os kernel: usb usb1: SerialNumber: 0000:00:14.0
Jul 04 22:41:03 pop-os kernel: i2c i2c-0: 2/2 memory slots populated (from DMI)
Jul 04 22:41:03 pop-os kernel: AVX2 version of gcm_enc/dec engaged.
Jul 04 22:41:03 pop-os kernel: AES CTR mode by8 optimization enabled
Jul 04 22:41:03 pop-os kernel: i2c i2c-0: Successfully instantiated SPD at 0x50
Jul 04 22:41:03 pop-os kernel: nvme nvme0: pci function 0000:27:00.0
Jul 04 22:41:03 pop-os kernel: idma64 idma64.0: Found Intel integrated DMA 64-bit
Jul 04 22:41:03 pop-os kernel: hub 1-0:1.0: USB hub found
Jul 04 22:41:03 pop-os kernel: scsi host0: ahci
Jul 04 22:41:03 pop-os kernel: hub 1-0:1.0: 16 ports detected
Jul 04 22:41:03 pop-os kernel: ata1: DUMMY
Jul 04 22:41:03 pop-os kernel: xhci_hcd 0000:00:14.0: xHCI Host Controller
Jul 04 22:41:03 pop-os kernel: xhci_hcd 0000:00:14.0: new USB bus registered, assigned bus number 2
Jul 04 22:41:03 pop-os kernel: xhci_hcd 0000:00:14.0: Host supports USB 3.1 Enhanced SuperSpeed
Jul 04 22:41:03 pop-os kernel: usb usb2: New USB device found, idVendor=1d6b, idProduct=0003, bcdDevice= 5.17
Jul 04 22:41:03 pop-os kernel: usb usb2: New USB device strings: Mfr=3, Product=2, SerialNumber=1
Jul 04 22:41:03 pop-os kernel: usb usb2: Product: xHCI Host Controller
Jul 04 22:41:03 pop-os kernel: usb usb2: Manufacturer: Linux 5.17.5-76051705-generic xhci-hcd
Jul 04 22:41:03 pop-os kernel: usb usb2: SerialNumber: 0000:00:14.0
Jul 04 22:41:03 pop-os kernel: hub 2-0:1.0: USB hub found
Jul 04 22:41:03 pop-os kernel: hub 2-0:1.0: 8 ports detected
Jul 04 22:41:03 pop-os kernel: xhci_hcd 0000:26:00.0: xHCI Host Controller
Jul 04 22:41:03 pop-os kernel: xhci_hcd 0000:26:00.0: new USB bus registered, assigned bus number 3
Jul 04 22:41:03 pop-os kernel: xhci_hcd 0000:26:00.0: hcc params 0x200077c1 hci version 0x110 quirks 0x0000000200009810
Jul 04 22:41:03 pop-os kernel: usb usb3: New USB device found, idVendor=1d6b, idProduct=0002, bcdDevice= 5.17
Jul 04 22:41:03 pop-os kernel: usb usb3: New USB device strings: Mfr=3, Product=2, SerialNumber=1
Jul 04 22:41:03 pop-os kernel: usb usb3: Product: xHCI Host Controller
Jul 04 22:41:03 pop-os kernel: usb usb3: Manufacturer: Linux 5.17.5-76051705-generic xhci-hcd
Jul 04 22:41:03 pop-os kernel: usb usb3: SerialNumber: 0000:26:00.0
Jul 04 22:41:03 pop-os kernel: hub 3-0:1.0: USB hub found
Jul 04 22:41:03 pop-os kernel: hub 3-0:1.0: 2 ports detected
Jul 04 22:41:03 pop-os kernel: xhci_hcd 0000:26:00.0: xHCI Host Controller
Jul 04 22:41:03 pop-os kernel: xhci_hcd 0000:26:00.0: new USB bus registered, assigned bus number 4
Jul 04 22:41:03 pop-os kernel: xhci_hcd 0000:26:00.0: Host supports USB 3.1 Enhanced SuperSpeed
Jul 04 22:41:03 pop-os kernel: usb usb4: New USB device found, idVendor=1d6b, idProduct=0003, bcdDevice= 5.17
Jul 04 22:41:03 pop-os kernel: usb usb4: New USB device strings: Mfr=3, Product=2, SerialNumber=1
Jul 04 22:41:03 pop-os kernel: usb usb4: Product: xHCI Host Controller
Jul 04 22:41:03 pop-os kernel: usb usb4: Manufacturer: Linux 5.17.5-76051705-generic xhci-hcd
Jul 04 22:41:03 pop-os kernel: usb usb4: SerialNumber: 0000:26:00.0
Jul 04 22:41:03 pop-os kernel: hub 4-0:1.0: USB hub found
Jul 04 22:41:03 pop-os kernel: hub 4-0:1.0: 2 ports detected
Jul 04 22:41:03 pop-os kernel: nvme nvme0: allocated 32 MiB host memory buffer.
Jul 04 22:41:03 pop-os kernel: r8169 0000:28:00.0 eth0: RTL8168h/8111h, 80:fa:5b:97:14:30, XID 541, IRQ 152
Jul 04 22:41:03 pop-os kernel: r8169 0000:28:00.0 eth0: jumbo features [frames: 9194 bytes, tx checksumming: ko]
Jul 04 22:41:03 pop-os kernel: nvme nvme0: 16/0/0 default/read/poll queues
Jul 04 22:41:03 pop-os kernel:  nvme0n1: p1 p2 p3 p4
Jul 04 22:41:03 pop-os kernel: input: System76 ACPI Hotkeys as /devices/LNXSYSTM:00/LNXSYBUS:00/17761776:00/input/input7
Jul 04 22:41:03 pop-os kernel: ACPI: battery: new extension: System76 Battery Extension
Jul 04 22:41:03 pop-os kernel: r8169 0000:28:00.0 enp40s0: renamed from eth0
Jul 04 22:41:03 pop-os kernel: input: PNP0C50:00 06CB:CD79 Mouse as /devices/pci0000:00/0000:00:15.0/i2c_designware.0/i2c-1/i2c-PNP0C50:00/0018:06CB:CD79.0001/input/input8
Jul 04 22:41:03 pop-os kernel: input: PNP0C50:00 06CB:CD79 Touchpad as /devices/pci0000:00/0000:00:15.0/i2c_designware.0/i2c-1/i2c-PNP0C50:00/0018:06CB:CD79.0001/input/input9
Jul 04 22:41:03 pop-os kernel: hid-generic 0018:06CB:CD79.0001: input,hidraw0: I2C HID v1.00 Mouse [PNP0C50:00 06CB:CD79] on i2c-PNP0C50:00
Jul 04 22:41:03 pop-os kernel: usb 1-1: new full-speed USB device number 2 using xhci_hcd
Jul 04 22:41:03 pop-os kernel: checking generic (600000000 258000) vs hw (b2000000 1000000)
Jul 04 22:41:03 pop-os kernel: checking generic (600000000 258000) vs hw (a0000000 10000000)
Jul 04 22:41:03 pop-os kernel: i915 0000:00:02.0: vgaarb: changed VGA decodes: olddecodes=io+mem,decodes=none:owns=io+mem
Jul 04 22:41:03 pop-os kernel: i915 0000:00:02.0: [drm] Finished loading DMC firmware i915/kbl_dmc_ver1_04.bin (v1.4)
Jul 04 22:41:03 pop-os kernel: usb 1-1: config 1 interface 0 altsetting 0 endpoint 0x85 has an invalid bInterval 0, changing to 10
Jul 04 22:41:03 pop-os kernel: usb 1-1: New USB device found, idVendor=ffff, idProduct=ffff, bcdDevice= 1.00
Jul 04 22:41:03 pop-os kernel: usb 1-1: New USB device strings: Mfr=1, Product=2, SerialNumber=3
Jul 04 22:41:03 pop-os kernel: usb 1-1: Product: Sipeed Keyboard
Jul 04 22:41:03 pop-os kernel: usb 1-1: Manufacturer: Sipeed
Jul 04 22:41:03 pop-os kernel: usb 1-1: SerialNumber: 2021031000
Jul 04 22:41:03 pop-os kernel: [drm] Initialized i915 1.6.0 20201103 for 0000:00:02.0 on minor 0
Jul 04 22:41:03 pop-os kernel: ACPI: video: Video Device [GFX0] (multi-head: yes  rom: no  post: no)
Jul 04 22:41:03 pop-os kernel: acpi device:07: registered as cooling_device16
Jul 04 22:41:03 pop-os kernel: input: Video Bus as /devices/LNXSYSTM:00/LNXSYBUS:00/PNP0A08:00/LNXVIDEO:00/input/input11
Jul 04 22:41:03 pop-os kernel: checking generic (600000000 258000) vs hw (a0000000 10000000)
Jul 04 22:41:03 pop-os kernel: fbcon: Deferring console take-over
Jul 04 22:41:03 pop-os kernel: i915 0000:00:02.0: [drm] fb1: i915drmfb frame buffer device
Jul 04 22:41:03 pop-os kernel: tsc: Refined TSC clocksource calibration: 2208.006 MHz
Jul 04 22:41:03 pop-os kernel: clocksource: tsc: mask: 0xffffffffffffffff max_cycles: 0x1fd3bdcbb82, max_idle_ns: 440795220917 ns
Jul 04 22:41:03 pop-os kernel: clocksource: Switched to clocksource tsc
Jul 04 22:41:03 pop-os kernel: usb 1-8: new high-speed USB device number 3 using xhci_hcd
Jul 04 22:41:03 pop-os kernel: usb 1-8: New USB device found, idVendor=5986, idProduct=9102, bcdDevice= 6.01
Jul 04 22:41:03 pop-os kernel: usb 1-8: New USB device strings: Mfr=2, Product=1, SerialNumber=0
Jul 04 22:41:03 pop-os kernel: usb 1-8: Product: BisonCam,NB Pro
Jul 04 22:41:03 pop-os kernel: usb 1-8: Manufacturer: Sonix Technology Co., Ltd.
Jul 04 22:41:03 pop-os kernel: usb 1-14: new full-speed USB device number 4 using xhci_hcd
Jul 04 22:41:03 pop-os kernel: usb 1-14: New USB device found, idVendor=8087, idProduct=0026, bcdDevice= 0.02
Jul 04 22:41:03 pop-os kernel: usb 1-14: New USB device strings: Mfr=0, Product=0, SerialNumber=0
Jul 04 22:41:03 pop-os kernel: input: Sipeed Sipeed Keyboard as /devices/pci0000:00/0000:00:14.0/usb1/1-1/1-1:1.2/0003:FFFF:FFFF.0002/input/input12
Jul 04 22:41:03 pop-os kernel: hid-generic 0003:FFFF:FFFF.0002: input,hidraw1: USB HID v1.11 Keyboard [Sipeed Sipeed Keyboard] on usb-0000:00:14.0-1/input2
Jul 04 22:41:03 pop-os kernel: hid-generic 0003:FFFF:FFFF.0003: hiddev0,hidraw2: USB HID v1.11 Device [Sipeed Sipeed Keyboard] on usb-0000:00:14.0-1/input3
Jul 04 22:41:03 pop-os kernel: input: Sipeed Sipeed Keyboard as /devices/pci0000:00/0000:00:14.0/usb1/1-1/1-1:1.4/0003:FFFF:FFFF.0004/input/input13
Jul 04 22:41:03 pop-os kernel: input: Sipeed Sipeed Keyboard Mouse as /devices/pci0000:00/0000:00:14.0/usb1/1-1/1-1:1.4/0003:FFFF:FFFF.0004/input/input14
Jul 04 22:41:03 pop-os kernel: hid-generic 0003:FFFF:FFFF.0004: input,hidraw3: USB HID v1.11 Keyboard [Sipeed Sipeed Keyboard] on usb-0000:00:14.0-1/input4
Jul 04 22:41:03 pop-os kernel: usbcore: registered new interface driver usbhid
Jul 04 22:41:03 pop-os kernel: usbhid: USB HID core driver
Jul 04 22:41:03 pop-os kernel: system76: Model does not utilize this driver
Jul 04 22:41:03 pop-os kernel: usbcore: registered new interface driver system76-io
Jul 04 22:41:03 pop-os kernel: raid6: avx2x4   gen() 40952 MB/s
Jul 04 22:41:03 pop-os kernel: raid6: avx2x2   gen() 40167 MB/s
Jul 04 22:41:03 pop-os kernel: raid6: avx2x1   gen() 35307 MB/s
Jul 04 22:41:03 pop-os kernel: raid6: using algorithm avx2x4 gen() 40952 MB/s
Jul 04 22:41:03 pop-os kernel: raid6: .... xor() 15933 MB/s, rmw enabled
Jul 04 22:41:03 pop-os kernel: raid6: using avx2x2 recovery algorithm
Jul 04 22:41:03 pop-os kernel: xor: automatically using best checksumming function   avx       
Jul 04 22:41:03 pop-os kernel: async_tx: api initialized (async)
Jul 04 22:41:03 pop-os kernel: EXT4-fs (nvme0n1p3): mounted filesystem with ordered data mode. Quota mode: none.
Jul 04 22:41:03 pop-os systemd[1]: Inserted module 'autofs4'
Jul 04 22:41:03 pop-os systemd[1]: Successfully credited entropy passed from boot loader.
Jul 04 22:41:03 pop-os systemd[1]: systemd 245.4-4ubuntu3.17pop0~1653334756~20.04~d24445b running in system mode. (+PAM +AUDIT +SELINUX +IMA +APPARMOR +SMACK +SYSVINIT +UTMP +LIBCRYPTSETUP +GCRYPT +GNUTLS +ACL +XZ +LZ4 +SECCOMP +BLKID +ELFUTILS +KMOD +IDN2 -IDN +PCRE2 default-hierarchy=hybrid)
Jul 04 22:41:03 pop-os systemd[1]: Detected architecture x86-64.
Jul 04 22:41:03 pop-os systemd[1]: Set hostname to <pop-os>.
Jul 04 22:41:03 pop-os systemd[1]: Created slice system-clash.slice.
Jul 04 22:41:03 pop-os systemd[1]: Created slice system-modprobe.slice.
Jul 04 22:41:03 pop-os systemd[1]: Created slice system-postgresql.slice.
Jul 04 22:41:03 pop-os systemd[1]: Created slice Cryptsetup Units Slice.
Jul 04 22:41:03 pop-os systemd[1]: Created slice User and Session Slice.
Jul 04 22:41:03 pop-os systemd[1]: Started Forward Password Requests to Wall Directory Watch.
Jul 04 22:41:03 pop-os systemd[1]: Set up automount Arbitrary Executable File Formats File System Automount Point.
Jul 04 22:41:03 pop-os systemd[1]: Reached target User and Group Name Lookups.
Jul 04 22:41:03 pop-os systemd[1]: Reached target Remote File Systems.
Jul 04 22:41:03 pop-os systemd[1]: Reached target Slices.
Jul 04 22:41:03 pop-os systemd[1]: Listening on Device-mapper event daemon FIFOs.
Jul 04 22:41:03 pop-os systemd[1]: Listening on LVM2 poll daemon socket.
Jul 04 22:41:03 pop-os systemd[1]: Listening on Syslog Socket.
Jul 04 22:41:03 pop-os systemd[1]: Listening on initctl Compatibility Named Pipe.
Jul 04 22:41:03 pop-os systemd[1]: Listening on Journal Audit Socket.
Jul 04 22:41:03 pop-os systemd[1]: Listening on Journal Socket (/dev/log).
Jul 04 22:41:03 pop-os systemd[1]: Listening on Journal Socket.
Jul 04 22:41:03 pop-os systemd[1]: Listening on udev Control Socket.
Jul 04 22:41:03 pop-os systemd[1]: Listening on udev Kernel Socket.
Jul 04 22:41:03 pop-os systemd[1]: Mounting Huge Pages File System...
Jul 04 22:41:03 pop-os systemd[1]: Mounting POSIX Message Queue File System...
Jul 04 22:41:03 pop-os systemd[1]: Mounting Kernel Debug File System...
Jul 04 22:41:03 pop-os systemd[1]: Mounting Kernel Trace File System...
Jul 04 22:41:03 pop-os systemd[1]: Starting Journal Service...
Jul 04 22:41:03 pop-os systemd[1]: Starting Availability of block devices...
Jul 04 22:41:03 pop-os systemd[1]: Starting Set the console keyboard layout...
Jul 04 22:41:03 pop-os systemd[1]: Starting Create list of static device nodes for the current kernel...
Jul 04 22:41:03 pop-os systemd[1]: Starting Monitoring of LVM2 mirrors, snapshots etc. using dmeventd or progress polling...
Jul 04 22:41:03 pop-os systemd[1]: Condition check resulted in Load Kernel Module drm being skipped.
Jul 04 22:41:03 pop-os systemd[1]: Started Nameserver information manager.
Jul 04 22:41:03 pop-os systemd[1]: Reached target Network (Pre).
Jul 04 22:41:03 pop-os systemd[1]: Condition check resulted in Set Up Additional Binary Formats being skipped.
Jul 04 22:41:03 pop-os systemd[1]: Starting Load Kernel Modules...
Jul 04 22:41:03 pop-os systemd[1]: Starting Remount Root and Kernel File Systems...
Jul 04 22:41:03 pop-os systemd[1]: Starting udev Coldplug all Devices...
Jul 04 22:41:03 pop-os systemd[1]: Starting Uncomplicated firewall...
Jul 04 22:41:03 pop-os systemd[1]: Mounted Huge Pages File System.
Jul 04 22:41:03 pop-os systemd[1]: Mounted POSIX Message Queue File System.
Jul 04 22:41:03 pop-os systemd[1]: Mounted Kernel Debug File System.
Jul 04 22:41:03 pop-os systemd[1]: Mounted Kernel Trace File System.
Jul 04 22:41:03 pop-os systemd[1]: Finished Availability of block devices.
Jul 04 22:41:03 pop-os systemd[1]: Finished Create list of static device nodes for the current kernel.
Jul 04 22:41:03 pop-os systemd[1]: Finished Uncomplicated firewall.
Jul 04 22:41:03 pop-os kernel: EXT4-fs (nvme0n1p3): re-mounted. Quota mode: none.
Jul 04 22:41:03 pop-os systemd[1]: Finished Remount Root and Kernel File Systems.
Jul 04 22:41:03 pop-os systemd[1]: Condition check resulted in Rebuild Hardware Database being skipped.
Jul 04 22:41:03 pop-os systemd[1]: Condition check resulted in Platform Persistent Storage Archival being skipped.
Jul 04 22:41:03 pop-os systemd[1]: Starting Load/Save Random Seed...
Jul 04 22:41:03 pop-os systemd[1]: Starting Create System Users...
Jul 04 22:41:03 pop-os kernel: lp: driver loaded but no devices found
Jul 04 22:41:03 pop-os kernel: ppdev: user-space parallel port driver
Jul 04 22:41:03 pop-os systemd[1]: Finished Load/Save Random Seed.
Jul 04 22:41:03 pop-os systemd[1]: Finished Create System Users.
Jul 04 22:41:03 pop-os systemd[1]: Starting Create Static Device Nodes in /dev...
Jul 04 22:41:03 pop-os systemd[1]: Finished Load Kernel Modules.
Jul 04 22:41:03 pop-os systemd[1]: Mounting FUSE Control File System...
Jul 04 22:41:03 pop-os systemd[1]: Mounting Kernel Configuration File System...
Jul 04 22:41:03 pop-os systemd[1]: Starting Apply Kernel Variables...
Jul 04 22:41:03 pop-os systemd[1]: Mounted FUSE Control File System.
Jul 04 22:41:03 pop-os systemd[1]: Mounted Kernel Configuration File System.
Jul 04 22:41:03 pop-os systemd[1]: Finished Create Static Device Nodes in /dev.
Jul 04 22:41:03 pop-os systemd[1]: Starting udev Kernel Device Manager...
Jul 04 22:41:03 pop-os systemd[1]: Finished Apply Kernel Variables.
Jul 04 22:41:03 pop-os systemd[1]: Finished Set the console keyboard layout.
Jul 04 22:41:03 pop-os systemd-journald[501]: Journal started
Jul 04 22:41:03 pop-os systemd-journald[501]: Runtime Journal (/run/log/journal/250c43ace946726871af0eda60f05a08) is 8.0M, max 158.7M, 150.7M free.
Jul 04 22:41:03 pop-os systemd-modules-load[511]: Failed to find module 'ashmem_linux'
Jul 04 22:41:03 pop-os systemd-modules-load[511]: Failed to find module 'binder_linux'
Jul 04 22:41:03 pop-os systemd-modules-load[511]: Inserted module 'lp'
Jul 04 22:41:03 pop-os systemd-modules-load[511]: Inserted module 'ppdev'
Jul 04 22:41:03 pop-os systemd-modules-load[511]: Inserted module 'parport_pc'
Jul 04 22:41:03 pop-os systemd-modules-load[511]: Inserted module 'msr'
Jul 04 22:41:03 pop-os systemd-sysctl[533]: Not setting net/ipv4/conf/all/promote_secondaries (explicit setting exists).
Jul 04 22:41:03 pop-os systemd-sysctl[533]: Not setting net/ipv4/conf/default/promote_secondaries (explicit setting exists).
Jul 04 22:41:03 pop-os systemd[1]: Starting Flush Journal to Persistent Storage...
Jul 04 22:41:03 pop-os systemd[1]: Started Journal Service.
Jul 04 22:41:03 pop-os systemd-journald[501]: Time spent on flushing to /var/log/journal/250c43ace946726871af0eda60f05a08 is 66.790ms for 919 entries.
Jul 04 22:41:03 pop-os systemd-journald[501]: System Journal (/var/log/journal/250c43ace946726871af0eda60f05a08) is 736.1M, max 4.0G, 3.2G free.
Jul 04 22:41:03 pop-os kernel: loop0: detected capacity change from 0 to 8
Jul 04 22:41:03 pop-os kernel: loop1: detected capacity change from 0 to 113696
Jul 04 22:41:03 pop-os kernel: loop2: detected capacity change from 0 to 91544
Jul 04 22:41:03 pop-os kernel: loop3: detected capacity change from 0 to 248864
Jul 04 22:41:03 pop-os kernel: input: Intel HID events as /devices/platform/INT33D5:00/input/input15
Jul 04 22:41:03 pop-os systemd-udevd[535]: /usr/lib/udev/rules.d/99-anbox.rules:1 Ignoring NAME="%k" is ignored, as it breaks kernel supplied names.
Jul 04 22:41:03 pop-os systemd-udevd[535]: /usr/lib/udev/rules.d/99-anbox.rules:2 Ignoring NAME="%k" is ignored, as it breaks kernel supplied names.
Jul 04 22:41:03 pop-os systemd-udevd[535]: /etc/udev/rules.d/99-openocd.rules:1 The line takes no effect, ignoring.
Jul 04 22:41:03 pop-os systemd-udevd[535]: /etc/udev/rules.d/99-openocd.rules:3 The line takes no effect, ignoring.
Jul 04 22:41:03 pop-os systemd[1]: Started udev Kernel Device Manager.
Jul 04 22:41:03 pop-os systemd[1]: Finished Monitoring of LVM2 mirrors, snapshots etc. using dmeventd or progress polling.
Jul 04 22:41:03 pop-os systemd[1]: Reached target Local File Systems (Pre).
Jul 04 22:41:03 pop-os systemd[1]: Mounting Mount unit for bare, revision 5...
Jul 04 22:41:03 pop-os systemd[1]: Mounting Mount unit for core, revision 13308...
Jul 04 22:41:03 pop-os systemd[1]: Mounting Mount unit for core18, revision 2344...
Jul 04 22:41:03 pop-os systemd[1]: Mounting Mount unit for core18, revision 2409...
Jul 04 22:41:03 pop-os systemd[1]: Mounting Mount unit for core20, revision 1494...
Jul 04 22:41:03 pop-os systemd[1]: Mounting Mount unit for core20, revision 1518...
Jul 04 22:41:03 pop-os systemd[1]: Mounting Mount unit for core22, revision 188...
Jul 04 22:41:03 pop-os systemd[1]: Mounting Mount unit for gnome-3-28-1804, revision 161...
Jul 04 22:41:03 pop-os systemd[1]: Mounting Mount unit for gtk-common-themes, revision 1534...
Jul 04 22:41:03 pop-os systemd[1]: Mounting Mount unit for gtk-common-themes, revision 1535...
Jul 04 22:41:03 pop-os systemd[1]: Mounting Mount unit for snapd, revision 15904...
Jul 04 22:41:03 pop-os systemd[1]: Mounting Mount unit for snapd, revision 16010...
Jul 04 22:41:03 pop-os systemd[1]: Mounting Mount unit for spotify, revision 58...
Jul 04 22:41:03 pop-os systemd[1]: Mounting Mount unit for spotify, revision 60...
Jul 04 22:41:03 pop-os systemd[1]: Mounting Mount unit for telegram-desktop, revision 4018...
Jul 04 22:41:03 pop-os systemd[1]: Mounting Mount unit for telegram-desktop, revision 4024...
Jul 04 22:41:03 pop-os systemd[1]: Mounting Mount unit for vott, revision x1...
Jul 04 22:41:03 pop-os systemd[1]: Finished udev Coldplug all Devices.
Jul 04 22:41:03 pop-os systemd[1]: Starting Helper to synchronize boot up for ifupdown...
Jul 04 22:41:03 pop-os systemd[1]: Starting Show Plymouth Boot Screen...
Jul 04 22:41:03 pop-os systemd[1]: Finished Helper to synchronize boot up for ifupdown.
Jul 04 22:41:03 pop-os systemd[1]: Created slice system-systemd\x2dbacklight.slice.
Jul 04 22:41:03 pop-os systemd[1]: Starting Load/Save Screen Backlight Brightness of leds:system76_acpi::kbd_backlight...
Jul 04 22:41:03 pop-os systemd[1]: Started Show Plymouth Boot Screen.
Jul 04 22:41:03 pop-os systemd[1]: Mounted Mount unit for bare, revision 5.
Jul 04 22:41:03 pop-os systemd[1]: Condition check resulted in Dispatch Password Requests to Console Directory Watch being skipped.
Jul 04 22:41:03 pop-os systemd[1]: Started Forward Password Requests to Plymouth Directory Watch.
Jul 04 22:41:03 pop-os systemd[1]: Finished Flush Journal to Persistent Storage.
Jul 04 22:41:03 pop-os systemd[1]: Finished Load/Save Screen Backlight Brightness of leds:system76_acpi::kbd_backlight.
Jul 04 22:41:03 pop-os systemd[1]: Starting Load/Save Screen Backlight Brightness of backlight:acpi_video0...
Jul 04 22:41:03 pop-os systemd[1]: Condition check resulted in Dispatch Password Requests to Console Directory Watch being skipped.
Jul 04 22:41:03 pop-os systemd[1]: Condition check resulted in Set Up Additional Binary Formats being skipped.
Jul 04 22:41:03 pop-os systemd[1]: Condition check resulted in Rebuild Hardware Database being skipped.
Jul 04 22:41:03 pop-os systemd[1]: Condition check resulted in Platform Persistent Storage Archival being skipped.
Jul 04 22:41:03 pop-os systemd[1]: Finished Load/Save Screen Backlight Brightness of backlight:acpi_video0.
Jul 04 22:41:03 pop-os systemd-udevd[549]: Using default interface naming scheme 'v245'.
Jul 04 22:41:03 pop-os kernel: loop4: detected capacity change from 0 to 126824
Jul 04 22:41:03 pop-os kernel: loop5: detected capacity change from 0 to 705672
Jul 04 22:41:03 pop-os systemd[1]: Mounted Mount unit for snapd, revision 15904.
Jul 04 22:41:03 pop-os systemd-udevd[549]: ethtool: autonegotiation is unset or enabled, the speed and duplex are not writable.
Jul 04 22:41:03 pop-os systemd[1]: Mounted Mount unit for core18, revision 2344.
Jul 04 22:41:03 pop-os systemd[1]: Mounted Mount unit for vott, revision x1.
Jul 04 22:41:03 pop-os kernel: loop6: detected capacity change from 0 to 96160
Jul 04 22:41:03 pop-os mtp-probe[649]: checking bus 1, device 3: "/sys/devices/pci0000:00/0000:00:14.0/usb1/1-8"
Jul 04 22:41:03 pop-os mtp-probe[649]: bus: 1, device: 3 was not an MTP device
Jul 04 22:41:03 pop-os mtp-probe[664]: checking bus 1, device 2: "/sys/devices/pci0000:00/0000:00:14.0/usb1/1-1"
Jul 04 22:41:03 pop-os mtp-probe[664]: bus: 1, device: 2 was not an MTP device
Jul 04 22:41:03 pop-os kernel: ee1004 0-0050: 512 byte EE1004-compliant SPD EEPROM, read-only
Jul 04 22:41:03 pop-os kernel: pstore: Using crash dump compression: deflate
Jul 04 22:41:03 pop-os kernel: pstore: Registered efi as persistent store backend
Jul 04 22:41:03 pop-os systemd[1]: Condition check resulted in Dispatch Password Requests to Console Directory Watch being skipped.
Jul 04 22:41:03 pop-os systemd[1]: Starting Load/Save Screen Backlight Brightness of backlight:intel_backlight...
Jul 04 22:41:03 pop-os systemd[1]: Condition check resulted in Set Up Additional Binary Formats being skipped.
Jul 04 22:41:03 pop-os systemd[1]: Condition check resulted in Rebuild Hardware Database being skipped.
Jul 04 22:41:03 pop-os systemd[1]: Condition check resulted in Platform Persistent Storage Archival being skipped.
Jul 04 22:41:03 pop-os kernel: nvidia: module license 'NVIDIA' taints kernel.
Jul 04 22:41:03 pop-os kernel: Disabling lock debugging due to kernel taint
Jul 04 22:41:03 pop-os kernel: loop7: detected capacity change from 0 to 166424
Jul 04 22:41:03 pop-os systemd[1]: Mounted Mount unit for core20, revision 1518.
Jul 04 22:41:03 pop-os systemd[1]: Mounted Mount unit for snapd, revision 16010.
Jul 04 22:41:03 pop-os kernel: cdc_acm 1-1:1.0: ttyACM0: USB ACM device
Jul 04 22:41:03 pop-os kernel: usbcore: registered new interface driver cdc_acm
Jul 04 22:41:03 pop-os kernel: cdc_acm: USB Abstract Control Model driver for USB modems and ISDN adapters
Jul 04 22:41:03 pop-os kernel: mc: Linux media interface: v0.10
Jul 04 22:41:03 pop-os kernel: loop8: detected capacity change from 0 to 233240
Jul 04 22:41:03 pop-os systemd[1]: Finished Load/Save Screen Backlight Brightness of backlight:intel_backlight.
Jul 04 22:41:03 pop-os kernel: cfg80211: Loading compiled-in X.509 certificates for regulatory database
Jul 04 22:41:03 pop-os kernel: cfg80211: Loaded X.509 cert 'sforshee: 00b28ddf47aef9cea7'
Jul 04 22:41:03 pop-os kernel: RAPL PMU: API unit is 2^-32 Joules, 5 fixed counters, 655360 ms ovfl timer
Jul 04 22:41:03 pop-os kernel: RAPL PMU: hw unit of domain pp0-core 2^-14 Joules
Jul 04 22:41:03 pop-os kernel: RAPL PMU: hw unit of domain package 2^-14 Joules
Jul 04 22:41:03 pop-os kernel: RAPL PMU: hw unit of domain dram 2^-14 Joules
Jul 04 22:41:03 pop-os kernel: RAPL PMU: hw unit of domain pp1-gpu 2^-14 Joules
Jul 04 22:41:03 pop-os kernel: RAPL PMU: hw unit of domain psys 2^-14 Joules
Jul 04 22:41:03 pop-os kernel: videodev: Linux video capture interface: v2.00
Jul 04 22:41:03 pop-os kernel: nvidia-nvlink: Nvlink Core is being initialized, major device number 507
Jul 04 22:41:03 pop-os kernel: 
Jul 04 22:41:03 pop-os kernel: Bluetooth: Core ver 2.22
Jul 04 22:41:03 pop-os kernel: NET: Registered PF_BLUETOOTH protocol family
Jul 04 22:41:03 pop-os kernel: Bluetooth: HCI device and connection manager initialized
Jul 04 22:41:03 pop-os kernel: Bluetooth: HCI socket layer initialized
Jul 04 22:41:03 pop-os kernel: Bluetooth: L2CAP socket layer initialized
Jul 04 22:41:03 pop-os kernel: Bluetooth: SCO socket layer initialized
Jul 04 22:41:03 pop-os kernel: nvidia 0000:01:00.0: vgaarb: changed VGA decodes: olddecodes=io+mem,decodes=none:owns=none
Jul 04 22:41:03 pop-os kernel: loop10: detected capacity change from 0 to 144184
Jul 04 22:41:03 pop-os kernel: loop9: detected capacity change from 0 to 187776
Jul 04 22:41:03 pop-os systemd[1]: Mounted Mount unit for core, revision 13308.
Jul 04 22:41:03 pop-os systemd[1]: Mounted Mount unit for gtk-common-themes, revision 1534.
Jul 04 22:41:03 pop-os systemd[1]: Mounted Mount unit for telegram-desktop, revision 4018.
Jul 04 22:41:03 pop-os systemd[1]: Listening on Load/Save RF Kill Switch Status /dev/rfkill Watch.
Jul 04 22:41:03 pop-os systemd-udevd[571]: ethtool: autonegotiation is unset or enabled, the speed and duplex are not writable.
Jul 04 22:41:03 pop-os kernel: NVRM: loading NVIDIA UNIX x86_64 Kernel Module  510.47.03  Mon Jan 24 22:58:54 UTC 2022
Jul 04 22:41:03 pop-os systemd-udevd[573]: video4linux: Process '/usr/lib/snapd/snap-device-helper add snap_telegram-desktop_telegram-desktop /class/video4linux 0:0' failed with exit code 1.
Jul 04 22:41:03 pop-os systemd[1]: Mounted Mount unit for core22, revision 188.
Jul 04 22:41:03 pop-os kernel: loop11: detected capacity change from 0 to 346968
Jul 04 22:41:03 pop-os kernel: loop12: detected capacity change from 0 to 113736
Jul 04 22:41:03 pop-os kernel: loop14: detected capacity change from 0 to 705672
Jul 04 22:41:03 pop-os kernel: loop16: detected capacity change from 0 to 337424
Jul 04 22:41:03 pop-os kernel: loop13: detected capacity change from 0 to 126808
Jul 04 22:41:03 pop-os kernel: loop15: detected capacity change from 0 to 347272
Jul 04 22:41:03 pop-os kernel: intel_rapl_common: Found RAPL domain package
Jul 04 22:41:03 pop-os kernel: intel_rapl_common: Found RAPL domain core
Jul 04 22:41:03 pop-os kernel: intel_rapl_common: Found RAPL domain uncore
Jul 04 22:41:03 pop-os kernel: intel_rapl_common: Found RAPL domain dram
Jul 04 22:41:03 pop-os kernel: intel_rapl_common: Found RAPL domain psys
Jul 04 22:41:03 pop-os kernel: Intel(R) Wireless WiFi driver for Linux
Jul 04 22:41:03 pop-os kernel: nvidia-modeset: Loading NVIDIA Kernel Mode Setting Driver for UNIX platforms  510.47.03  Mon Jan 24 22:51:43 UTC 2022
Jul 04 22:41:03 pop-os systemd[1]: Mounted Mount unit for gtk-common-themes, revision 1535.
Jul 04 22:41:03 pop-os kernel: [drm] [nvidia-drm] [GPU ID 0x00000100] Loading driver
Jul 04 22:41:03 pop-os kernel: iwlwifi 0000:00:14.3: Direct firmware load for iwlwifi-QuZ-a0-hr-b0-69.ucode failed with error -2
Jul 04 22:41:03 pop-os kernel: iwlwifi 0000:00:14.3: api flags index 2 larger than supported by driver
Jul 04 22:41:03 pop-os kernel: iwlwifi 0000:00:14.3: TLV_FW_FSEQ_VERSION: FSEQ Version: 89.3.35.37
Jul 04 22:41:03 pop-os kernel: iwlwifi 0000:00:14.3: loaded firmware version 68.01d30b0c.0 QuZ-a0-hr-b0-68.ucode op_mode iwlmvm
Jul 04 22:41:03 pop-os kernel: Bluetooth: hci0: Bootloader revision 0.4 build 0 week 30 2018
Jul 04 22:41:03 pop-os kernel: usbcore: registered new interface driver btusb
Jul 04 22:41:03 pop-os kernel: Bluetooth: hci0: Device revision is 2
Jul 04 22:41:03 pop-os kernel: Bluetooth: hci0: Secure boot is enabled
Jul 04 22:41:03 pop-os kernel: Bluetooth: hci0: OTP lock is enabled
Jul 04 22:41:03 pop-os kernel: Bluetooth: hci0: API lock is enabled
Jul 04 22:41:03 pop-os kernel: Bluetooth: hci0: Debug lock is disabled
Jul 04 22:41:03 pop-os kernel: Bluetooth: hci0: Minimum firmware build 1 week 10 2014
Jul 04 22:41:03 pop-os kernel: usb 1-8: Found UVC 1.00 device BisonCam,NB Pro (5986:9102)
Jul 04 22:41:03 pop-os kernel: Bluetooth: hci0: Found device firmware: intel/ibt-19-0-4.sfi
Jul 04 22:41:03 pop-os kernel: Bluetooth: hci0: Boot Address: 0x24800
Jul 04 22:41:03 pop-os kernel: Bluetooth: hci0: Firmware Version: 126-5.22
Jul 04 22:41:03 pop-os kernel: input: BisonCam,NB Pro: BisonCam,NB Pr as /devices/pci0000:00/0000:00:14.0/usb1/1-8/1-8:1.0/input/input16
Jul 04 22:41:03 pop-os systemd[1]: Mounted Mount unit for core20, revision 1494.
Jul 04 22:41:03 pop-os systemd[1]: Mounted Mount unit for gnome-3-28-1804, revision 161.
Jul 04 22:41:03 pop-os systemd[1]: Mounted Mount unit for spotify, revision 58.
Jul 04 22:41:03 pop-os systemd[1]: Mounted Mount unit for telegram-desktop, revision 4024.
Jul 04 22:41:03 pop-os systemd[1]: Condition check resulted in Dispatch Password Requests to Console Directory Watch being skipped.
Jul 04 22:41:03 pop-os systemd[1]: Condition check resulted in Set Up Additional Binary Formats being skipped.
Jul 04 22:41:03 pop-os systemd[1]: Condition check resulted in Rebuild Hardware Database being skipped.
Jul 04 22:41:03 pop-os systemd[1]: Condition check resulted in Platform Persistent Storage Archival being skipped.
Jul 04 22:41:03 pop-os systemd[1]: Starting Load/Save RF Kill Switch Status...
Jul 04 22:41:03 pop-os systemd[1]: Started Load/Save RF Kill Switch Status.
Jul 04 22:41:03 pop-os systemd[1]: Mounted Mount unit for core18, revision 2409.
Jul 04 22:41:03 pop-os systemd[1]: Mounted Mount unit for spotify, revision 60.
Jul 04 22:41:03 pop-os kernel: intel_tcc_cooling: Programmable TCC Offset detected
Jul 04 22:41:03 pop-os kernel: snd_hda_intel 0000:00:1f.3: bound 0000:00:02.0 (ops i915_audio_component_bind_ops [i915])
Jul 04 22:41:03 pop-os kernel: snd_hda_intel 0000:01:00.1: Disabling MSI
Jul 04 22:41:03 pop-os kernel: snd_hda_intel 0000:01:00.1: Handle vga_switcheroo audio client
Jul 04 22:41:03 pop-os kernel: iwlwifi 0000:00:14.3: Detected Intel(R) Wi-Fi 6 AX201 160MHz, REV=0x351
Jul 04 22:41:03 pop-os kernel: thermal thermal_zone2: failed to read out thermal zone (-61)
Jul 04 22:41:03 pop-os kernel: input: HDA NVidia HDMI/DP,pcm=3 as /devices/pci0000:00/0000:00:01.0/0000:01:00.1/sound/card1/input17
Jul 04 22:41:03 pop-os systemd[1]: Condition check resulted in Dispatch Password Requests to Console Directory Watch being skipped.
Jul 04 22:41:03 pop-os systemd[1]: Condition check resulted in Set Up Additional Binary Formats being skipped.
Jul 04 22:41:03 pop-os systemd[1]: Condition check resulted in Rebuild Hardware Database being skipped.
Jul 04 22:41:03 pop-os systemd[1]: Condition check resulted in Platform Persistent Storage Archival being skipped.
Jul 04 22:41:03 pop-os kernel: snd_hda_codec_realtek hdaudioC0D0: autoconfig for ALC1220: line_outs=1 (0x1b/0x0/0x0/0x0/0x0) type:speaker
Jul 04 22:41:03 pop-os kernel: snd_hda_codec_realtek hdaudioC0D0:    speaker_outs=0 (0x0/0x0/0x0/0x0/0x0)
Jul 04 22:41:03 pop-os kernel: snd_hda_codec_realtek hdaudioC0D0:    hp_outs=1 (0x14/0x0/0x0/0x0/0x0)
Jul 04 22:41:03 pop-os kernel: snd_hda_codec_realtek hdaudioC0D0:    mono: mono_out=0x0
Jul 04 22:41:03 pop-os kernel: snd_hda_codec_realtek hdaudioC0D0:    dig-out=0x1e/0x0
Jul 04 22:41:03 pop-os kernel: snd_hda_codec_realtek hdaudioC0D0:    inputs:
Jul 04 22:41:03 pop-os kernel: snd_hda_codec_realtek hdaudioC0D0:      Mic=0x18
Jul 04 22:41:03 pop-os kernel: snd_hda_codec_realtek hdaudioC0D0:      Headset Mic=0x19
Jul 04 22:41:03 pop-os kernel: snd_hda_codec_realtek hdaudioC0D0:      Internal Mic=0x12
Jul 04 22:41:03 pop-os systemd[1]: Condition check resulted in Dispatch Password Requests to Console Directory Watch being skipped.
Jul 04 22:41:03 pop-os systemd[1]: Condition check resulted in Set Up Additional Binary Formats being skipped.
Jul 04 22:41:03 pop-os systemd[1]: Condition check resulted in Rebuild Hardware Database being skipped.
Jul 04 22:41:03 pop-os systemd[1]: Condition check resulted in Platform Persistent Storage Archival being skipped.
Jul 04 22:41:03 pop-os kernel: input: HDA Intel PCH Mic as /devices/pci0000:00/0000:00:1f.3/sound/card0/input23
Jul 04 22:41:04 pop-os kernel: usbcore: registered new interface driver uvcvideo
Jul 04 22:41:04 pop-os kernel: input: HDA NVidia HDMI/DP,pcm=7 as /devices/pci0000:00/0000:00:01.0/0000:01:00.1/sound/card1/input18
Jul 04 22:41:04 pop-os kernel: input: HDA NVidia HDMI/DP,pcm=8 as /devices/pci0000:00/0000:00:01.0/0000:01:00.1/sound/card1/input19
Jul 04 22:41:04 pop-os kernel: input: HDA Intel PCH Headphone as /devices/pci0000:00/0000:00:1f.3/sound/card0/input24
Jul 04 22:41:04 pop-os kernel: input: HDA Intel PCH HDMI/DP,pcm=3 as /devices/pci0000:00/0000:00:1f.3/sound/card0/input25
Jul 04 22:41:04 pop-os kernel: input: HDA NVidia HDMI/DP,pcm=9 as /devices/pci0000:00/0000:00:01.0/0000:01:00.1/sound/card1/input20
Jul 04 22:41:04 pop-os kernel: input: HDA NVidia HDMI/DP,pcm=10 as /devices/pci0000:00/0000:00:01.0/0000:01:00.1/sound/card1/input21
Jul 04 22:41:04 pop-os kernel: input: HDA Intel PCH HDMI/DP,pcm=7 as /devices/pci0000:00/0000:00:1f.3/sound/card0/input26
Jul 04 22:41:04 pop-os kernel: input: HDA Intel PCH HDMI/DP,pcm=8 as /devices/pci0000:00/0000:00:1f.3/sound/card0/input27
Jul 04 22:41:04 pop-os kernel: input: HDA NVidia HDMI/DP,pcm=11 as /devices/pci0000:00/0000:00:01.0/0000:01:00.1/sound/card1/input22
Jul 04 22:41:04 pop-os kernel: input: HDA Intel PCH HDMI/DP,pcm=9 as /devices/pci0000:00/0000:00:1f.3/sound/card0/input28
Jul 04 22:41:04 pop-os kernel: input: HDA Intel PCH HDMI/DP,pcm=10 as /devices/pci0000:00/0000:00:1f.3/sound/card0/input29
Jul 04 22:41:04 pop-os kernel: input: PNP0C50:00 06CB:CD79 Mouse as /devices/pci0000:00/0000:00:15.0/i2c_designware.0/i2c-1/i2c-PNP0C50:00/0018:06CB:CD79.0001/input/input30
Jul 04 22:41:04 pop-os kernel: input: PNP0C50:00 06CB:CD79 Touchpad as /devices/pci0000:00/0000:00:15.0/i2c_designware.0/i2c-1/i2c-PNP0C50:00/0018:06CB:CD79.0001/input/input31
Jul 04 22:41:04 pop-os kernel: hid-multitouch 0018:06CB:CD79.0001: input,hidraw0: I2C HID v1.00 Mouse [PNP0C50:00 06CB:CD79] on i2c-PNP0C50:00
Jul 04 22:41:04 pop-os kernel: iwlwifi 0000:00:14.3: Detected RF HR B3, rfid=0x10a100
Jul 04 22:41:04 pop-os kernel: iwlwifi 0000:00:14.3: base HW address: 28:d0:ea:80:41:11
Jul 04 22:41:04 pop-os systemd-udevd[575]: Using default interface naming scheme 'v245'.
Jul 04 22:41:04 pop-os systemd-udevd[575]: ethtool: autonegotiation is unset or enabled, the speed and duplex are not writable.
Jul 04 22:41:04 pop-os kernel: iwlwifi 0000:00:14.3 wlp0s20f3: renamed from wlan0
Jul 04 22:41:04 pop-os systemd-udevd[593]: Using default interface naming scheme 'v245'.
Jul 04 22:41:04 pop-os systemd-udevd[593]: ethtool: autonegotiation is unset or enabled, the speed and duplex are not writable.
Jul 04 22:41:04 pop-os systemd[1]: Found device WDC WDS100T2B0C-00PXH0 4.
Jul 04 22:41:04 pop-os systemd[1]: Found device WDC WDS100T2B0C-00PXH0 recovery.
Jul 04 22:41:04 pop-os systemd[1]: Found device WDC WDS100T2B0C-00PXH0 1.
Jul 04 22:41:04 pop-os systemd[1]: Mounting /boot/efi...
Jul 04 22:41:04 pop-os systemd[1]: Mounting /recovery...
Jul 04 22:41:04 pop-os systemd[1]: Starting Cryptography Setup for cryptswap...
Jul 04 22:41:04 pop-os systemd-cryptsetup[917]: Set cipher aes, mode xts-plain64, key size 512 bits for device /dev/disk/by-uuid/0363ac76-caff-4e36-a101-bffd0b489717.
Jul 04 22:41:04 pop-os kernel: FAT-fs (nvme0n1p2): Volume was not properly unmounted. Some data may be corrupt. Please run fsck.
Jul 04 22:41:04 pop-os kernel: FAT-fs (nvme0n1p1): Volume was not properly unmounted. Some data may be corrupt. Please run fsck.
Jul 04 22:41:04 pop-os systemd[1]: Mounted /boot/efi.
Jul 04 22:41:04 pop-os systemd[1]: Mounted /recovery.
Jul 04 22:41:04 pop-os systemd[1]: Reached target Local File Systems.
Jul 04 22:41:04 pop-os systemd[1]: Starting Load AppArmor profiles...
Jul 04 22:41:04 pop-os systemd[1]: Starting Enable support for additional executable binary formats...
Jul 04 22:41:04 pop-os systemd[1]: Starting Set console font and keymap...
Jul 04 22:41:04 pop-os systemd[1]: Starting Create final runtime dir for shutdown pivot root...
Jul 04 22:41:04 pop-os systemd[1]: Starting Tell Plymouth To Write Out Runtime Data...
Jul 04 22:41:04 pop-os systemd[1]: Starting QEMU KVM preparation - module, ksm, hugepages...
Jul 04 22:41:04 pop-os systemd[1]: Condition check resulted in Store a System Token in an EFI Variable being skipped.
